Component: ARM Compiler 5.05 update 1 (build 106) Tool: armlink [4d0efa]

==============================================================================

Section Cross References

    main.o(.text) refers to _printf_percent.o(.ARM.Collect$$_printf_percent$$00000000) for _printf_percent
    main.o(.text) refers to _printf_d.o(.ARM.Collect$$_printf_percent$$00000009) for _printf_d
    main.o(.text) refers to _printf_dec.o(.text) for _printf_int_dec
    main.o(.text) refers to _printf_s.o(.ARM.Collect$$_printf_percent$$00000014) for _printf_s
    main.o(.text) refers to _printf_str.o(.text) for _printf_str
    main.o(.text) refers to beep.o(.text) for BEEP_ON
    main.o(.text) refers to delay.o(.text) for delay_ms
    main.o(.text) refers to lcd.o(.text) for LCD_Fill
    main.o(.text) refers to misc.o(.text) for NVIC_PriorityGroupConfig
    main.o(.text) refers to usart.o(.text) for uart_init
    main.o(.text) refers to led.o(.text) for LED_Init
    main.o(.text) refers to key.o(.text) for KEY_Init
    main.o(.text) refers to w25qxx.o(.text) for W25QXX_Init
    main.o(.text) refers to malloc.o(.text) for my_mem_init
    main.o(.text) refers to exfuns.o(.text) for exfuns_init
    main.o(.text) refers to ff.o(.text) for f_mount
    main.o(.text) refers to recognition.o(.text) for alientek_ncr_init
    main.o(.text) refers to fontupd.o(.text) for font_init
    main.o(.text) refers to text.o(.text) for Show_Str
    main.o(.text) refers to touch.o(.text) for TP_Adjust
    main.o(.text) refers to noretval__2printf.o(.text) for __2printf
    main.o(.text) refers to touch.o(.data) for tp_dev
    main.o(.text) refers to exfuns.o(.data) for fs
    main.o(.text) refers to lcd.o(.data) for POINT_COLOR
    main.o(.text) refers to lcd.o(.bss) for lcddev
    main.o(.text) refers to main.o(.bss) for READ_BUF
    main.o(.text) refers to main.o(.data) for character
    main.o(.data) refers to main.o(.conststring) for .conststring
    system_stm32f10x.o(.text) refers to system_stm32f10x.o(.data) for SystemCoreClock
    led.o(.text) refers to stm32f10x_rcc.o(.text) for RCC_APB2PeriphClockCmd
    led.o(.text) refers to stm32f10x_gpio.o(.text) for GPIO_Init
    key.o(.text) refers to stm32f10x_rcc.o(.text) for RCC_APB2PeriphClockCmd
    key.o(.text) refers to stm32f10x_gpio.o(.text) for GPIO_Init
    key.o(.text) refers to delay.o(.text) for delay_ms
    key.o(.text) refers to key.o(.data) for key_up
    lcd.o(.text) refers to _printf_percent.o(.ARM.Collect$$_printf_percent$$00000000) for _printf_percent
    lcd.o(.text) refers to _printf_x.o(.ARM.Collect$$_printf_percent$$0000000C) for _printf_x
    lcd.o(.text) refers to _printf_hex_int.o(.text) for _printf_longlong_hex
    lcd.o(.text) refers to delay.o(.text) for delay_us
    lcd.o(.text) refers to lcd.o(.bss) for lcddev
    lcd.o(.text) refers to lcd.o(.data) for POINT_COLOR
    lcd.o(.text) refers to dflt_clz.o(x$fpl$dfltu) for __aeabi_ui2d
    lcd.o(.text) refers to dmul.o(x$fpl$dmul) for __aeabi_dmul
    lcd.o(.text) refers to dfixu.o(x$fpl$dfixu) for __aeabi_d2uiz
    lcd.o(.text) refers to stm32f10x_rcc.o(.text) for RCC_AHBPeriphClockCmd
    lcd.o(.text) refers to stm32f10x_gpio.o(.text) for GPIO_Init
    lcd.o(.text) refers to stm32f10x_fsmc.o(.text) for FSMC_NORSRAMInit
    lcd.o(.text) refers to noretval__2printf.o(.text) for __2printf
    lcd.o(.text) refers to lcd.o(.constdata) for asc2_1206
    spi.o(.text) refers to stm32f10x_spi.o(.text) for SPI_I2S_GetFlagStatus
    spi.o(.text) refers to stm32f10x_rcc.o(.text) for RCC_APB2PeriphClockCmd
    spi.o(.text) refers to stm32f10x_gpio.o(.text) for GPIO_Init
    w25qxx.o(.text) refers to _printf_percent.o(.ARM.Collect$$_printf_percent$$00000000) for _printf_percent
    w25qxx.o(.text) refers to _printf_x.o(.ARM.Collect$$_printf_percent$$0000000C) for _printf_x
    w25qxx.o(.text) refers to _printf_hex_int.o(.text) for _printf_longlong_hex
    w25qxx.o(.text) refers to spi.o(.text) for SPI2_ReadWriteByte
    w25qxx.o(.text) refers to stm32f10x_rcc.o(.text) for RCC_APB2PeriphClockCmd
    w25qxx.o(.text) refers to stm32f10x_gpio.o(.text) for GPIO_Init
    w25qxx.o(.text) refers to noretval__2printf.o(.text) for __2printf
    w25qxx.o(.text) refers to delay.o(.text) for delay_us
    w25qxx.o(.text) refers to w25qxx.o(.data) for W25QXX_TYPE
    w25qxx.o(.text) refers to w25qxx.o(.bss) for W25QXX_BUFFER
    sdio_sdcard.o(.text) refers to stm32f10x_sdio.o(.text) for SDIO_GetFlagStatus
    sdio_sdcard.o(.text) refers to sdio_sdcard.o(.data) for DeviceMode
    sdio_sdcard.o(.text) refers to sdio_sdcard.o(.bss) for SDIO_CmdInitStructure
    sdio_sdcard.o(.text) refers to stm32f10x_rcc.o(.text) for RCC_APB2PeriphClockCmd
    sdio_sdcard.o(.text) refers to stm32f10x_gpio.o(.text) for GPIO_Init
    sdio_sdcard.o(.text) refers to misc.o(.text) for NVIC_Init
    sdio_sdcard.o(.text) refers to stm32f10x_dma.o(.text) for DMA_DeInit
[...]
    WWDG_IRQHandler                          0x08009a23   Thumb Code     0  startup_stm32f10x_hd.o(.text)
    __user_initial_stackheap                 0x08009a25   Thumb Code     0  startup_stm32f10x_hd.o(.text)
    NVIC_PriorityGroupConfig                 0x08009a49   Thumb Code    10  misc.o(.text)
    NVIC_Init                                0x08009a53   Thumb Code   100  misc.o(.text)
    NVIC_SetVectorTable                      0x08009ab7   Thumb Code    14  misc.o(.text)
    NVIC_SystemLPConfig                      0x08009ac5   Thumb Code    34  misc.o(.text)
    SysTick_CLKSourceConfig                  0x08009ae7   Thumb Code    40  misc.o(.text)
    FSMC_NORSRAMDeInit                       0x08009b25   Thumb Code    54  stm32f10x_fsmc.o(.text)
    FSMC_NANDDeInit                          0x08009b5b   Thumb Code    62  stm32f10x_fsmc.o(.text)
    FSMC_PCCARDDeInit                        0x08009b99   Thumb Code    36  stm32f10x_fsmc.o(.text)
    FSMC_NORSRAMInit                         0x08009bbd   Thumb Code   230  stm32f10x_fsmc.o(.text)
    FSMC_NANDInit                            0x08009ca3   Thumb Code   132  stm32f10x_fsmc.o(.text)
    FSMC_PCCARDInit                          0x08009d27   Thumb Code   130  stm32f10x_fsmc.o(.text)
    FSMC_NORSRAMStructInit                   0x08009da9   Thumb Code   114  stm32f10x_fsmc.o(.text)
    FSMC_NANDStructInit                      0x08009e1b   Thumb Code    54  stm32f10x_fsmc.o(.text)
    FSMC_PCCARDStructInit                    0x08009e51   Thumb Code    60  stm32f10x_fsmc.o(.text)
    FSMC_NORSRAMCmd                          0x08009e8d   Thumb Code    46  stm32f10x_fsmc.o(.text)
    FSMC_NANDCmd                             0x08009ebb   Thumb Code    86  stm32f10x_fsmc.o(.text)
    FSMC_PCCARDCmd                           0x08009f11   Thumb Code    44  stm32f10x_fsmc.o(.text)
    FSMC_NANDECCCmd                          0x08009f3d   Thumb Code    90  stm32f10x_fsmc.o(.text)
    FSMC_GetECC                              0x08009f97   Thumb Code    24  stm32f10x_fsmc.o(.text)
    FSMC_ITConfig                            0x08009faf   Thumb Code   128  stm32f10x_fsmc.o(.text)
    FSMC_GetFlagStatus                       0x0800a02f   Thumb Code    54  stm32f10x_fsmc.o(.text)
    FSMC_ClearFlag                           0x0800a065   Thumb Code    62  stm32f10x_fsmc.o(.text)
    FSMC_GetITStatus                         0x0800a0a3   Thumb Code    64  stm32f10x_fsmc.o(.text)
    FSMC_ClearITPendingBit                   0x0800a0e3   Thumb Code    68  stm32f10x_fsmc.o(.text)
    GPIO_DeInit                              0x0800a131   Thumb Code   172  stm32f10x_gpio.o(.text)
    GPIO_AFIODeInit                          0x0800a1dd   Thumb Code    20  stm32f10x_gpio.o(.text)
    GPIO_Init                                0x0800a1f1   Thumb Code   278  stm32f10x_gpio.o(.text)
    GPIO_StructInit                          0x0800a307   Thumb Code    16  stm32f10x_gpio.o(.text)
    GPIO_ReadInputDataBit                    0x0800a317   Thumb Code    18  stm32f10x_gpio.o(.text)
    GPIO_ReadInputData                       0x0800a329   Thumb Code     8  stm32f10x_gpio.o(.text)
    GPIO_ReadOutputDataBit                   0x0800a331   Thumb Code    18  stm32f10x_gpio.o(.text)
    GPIO_ReadOutputData                      0x0800a343   Thumb Code     8  stm32f10x_gpio.o(.text)
    GPIO_SetBits                             0x0800a34b   Thumb Code     4  stm32f10x_gpio.o(.text)
    GPIO_ResetBits                           0x0800a34f   Thumb Code     4  stm32f10x_gpio.o(.text)
    GPIO_WriteBit                            0x0800a353   Thumb Code    10  stm32f10x_gpio.o(.text)
    GPIO_Write                               0x0800a35d   Thumb Code     4  stm32f10x_gpio.o(.text)
    GPIO_PinLockConfig                       0x0800a361   Thumb Code    18  stm32f10x_gpio.o(.text)
    GPIO_EventOutputConfig                   0x0800a373   Thumb Code    26  stm32f10x_gpio.o(.text)
    GPIO_EventOutputCmd                      0x0800a38d   Thumb Code     6  stm32f10x_gpio.o(.text)
    GPIO_PinRemapConfig                      0x0800a393   Thumb Code   138  stm32f10x_gpio.o(.text)
    GPIO_EXTILineConfig                      0x0800a41d   Thumb Code    66  stm32f10x_gpio.o(.text)
    GPIO_ETH_MediaInterfaceConfig            0x0800a45f   Thumb Code     8  stm32f10x_gpio.o(.text)
    RCC_DeInit                               0x0800a48d   Thumb Code    64  stm32f10x_rcc.o(.text)
    RCC_HSEConfig                            0x0800a4cd   Thumb Code    70  stm32f10x_rcc.o(.text)
    RCC_GetFlagStatus                        0x0800a513   Thumb Code    56  stm32f10x_rcc.o(.text)
    RCC_WaitForHSEStartUp                    0x0800a54b   Thumb Code    56  stm32f10x_rcc.o(.text)
    RCC_AdjustHSICalibrationValue            0x0800a583   Thumb Code    20  stm32f10x_rcc.o(.text)
    RCC_HSICmd                               0x0800a597   Thumb Code     6  stm32f10x_rcc.o(.text)
    RCC_PLLConfig                            0x0800a59d   Thumb Code    24  stm32f10x_rcc.o(.text)
    RCC_PLLCmd                               0x0800a5b5   Thumb Code     6  stm32f10x_rcc.o(.text)
    RCC_SYSCLKConfig                         0x0800a5bb   Thumb Code    18  stm32f10x_rcc.o(.text)
    RCC_GetSYSCLKSource                      0x0800a5cd   Thumb Code    10  stm32f10x_rcc.o(.text)
    RCC_HCLKConfig                           0x0800a5d7   Thumb Code    18  stm32f10x_rcc.o(.text)
    RCC_PCLK1Config                          0x0800a5e9   Thumb Code    18  stm32f10x_rcc.o(.text)
    RCC_PCLK2Config                          0x0800a5fb   Thumb Code    20  stm32f10x_rcc.o(.text)
    RCC_ITConfig                             0x0800a60f   Thumb Code    26  stm32f10x_rcc.o(.text)
    RCC_USBCLKConfig                         0x0800a629   Thumb Code     8  stm32f10x_rcc.o(.text)
    RCC_ADCCLKConfig                         0x0800a631   Thumb Code    18  stm32f10x_rcc.o(.text)
    RCC_LSEConfig                            0x0800a643   Thumb Code    50  stm32f10x_rcc.o(.text)
    RCC_LSICmd                               0x0800a675   Thumb Code     6  stm32f10x_rcc.o(.text)
    RCC_RTCCLKConfig                         0x0800a67b   Thumb Code    12  stm32f10x_rcc.o(.text)
    RCC_RTCCLKCmd                            0x0800a687   Thumb Code     8  stm32f10x_rcc.o(.text)
    RCC_GetClocksFreq                        0x0800a68f   Thumb Code   192  stm32f10x_rcc.o(.text)
    RCC_AHBPeriphClockCmd                    0x0800a74f   Thumb Code    26  stm32f10x_rcc.o(.text)
    RCC_APB2PeriphClockCmd                   0x0800a769   Thumb Code    26  stm32f10x_rcc.o(.text)
    RCC_APB1PeriphClockCmd                   0x0800a783   Thumb Code    26  stm32f10x_rcc.o(.text)
    RCC_APB2PeriphResetCmd                   0x0800a79d   Thumb Code    26  stm32f10x_rcc.o(.text)
    RCC_APB1PeriphResetCmd                   0x0800a7b7   Thumb Code    26  stm32f10x_rcc.o(.text)
    RCC_BackupResetCmd                       0x0800a7d1   Thumb Code     8  stm32f10x_rcc.o(.text)
    RCC_ClockSecuritySystemCmd               0x0800a7d9   Thumb Code     6  stm32f10x_rcc.o(.text)
    RCC_MCOConfig                            0x0800a7df   Thumb Code     6  stm32f10x_rcc.o(.text)
    RCC_ClearFlag                            0x0800a7e5   Thumb Code    14  stm32f10x_rcc.o(.text)
    RCC_GetITStatus                          0x0800a7f3   Thumb Code    20  stm32f10x_rcc.o(.text)
    RCC_ClearITPendingBit                    0x0800a807   Thumb Code     6  stm32f10x_rcc.o(.text)
    SPI_I2S_DeInit                           0x0800a831   Thumb Code    76  stm32f10x_spi.o(.text)
    SPI_Init                                 0x0800a87d   Thumb Code    60  stm32f10x_spi.o(.text)
    I2S_Init                                 0x0800a8b9   Thumb Code   226  stm32f10x_spi.o(.text)
    SPI_StructInit                           0x0800a99b   Thumb Code    24  stm32f10x_spi.o(.text)
    I2S_StructInit                           0x0800a9b3   Thumb Code    20  stm32f10x_spi.o(.text)
    SPI_Cmd                                  0x0800a9c7   Thumb Code    24  stm32f10x_spi.o(.text)
    I2S_Cmd                                  0x0800a9df   Thumb Code    24  stm32f10x_spi.o(.text)
    SPI_I2S_ITConfig                         0x0800a9f7   Thumb Code    32  stm32f10x_spi.o(.text)
    SPI_I2S_DMACmd                           0x0800aa17   Thumb Code    18  stm32f10x_spi.o(.text)
    SPI_I2S_SendData                         0x0800aa29   Thumb Code     4  stm32f10x_spi.o(.text)
    SPI_I2S_ReceiveData                      0x0800aa2d   Thumb Code     6  stm32f10x_spi.o(.text)
    SPI_NSSInternalSoftwareConfig            0x0800aa33   Thumb Code    30  stm32f10x_spi.o(.text)
    SPI_SSOutputCmd                          0x0800aa51   Thumb Code    24  stm32f10x_spi.o(.text)
    SPI_DataSizeConfig                       0x0800aa69   Thumb Code    18  stm32f10x_spi.o(.text)
    SPI_TransmitCRC                          0x0800aa7b   Thumb Code    10  stm32f10x_spi.o(.text)
    SPI_CalculateCRC                         0x0800aa85   Thumb Code    24  stm32f10x_spi.o(.text)
    SPI_GetCRC                               0x0800aa9d   Thumb Code    16  stm32f10x_spi.o(.text)
    SPI_GetCRCPolynomial                     0x0800aaad   Thumb Code     6  stm32f10x_spi.o(.text)
    SPI_BiDirectionalLineConfig              0x0800aab3   Thumb Code    28  stm32f10x_spi.o(.text)
    SPI_I2S_GetFlagStatus                    0x0800aacf   Thumb Code    18  stm32f10x_spi.o(.text)
    SPI_I2S_ClearFlag                        0x0800aae1   Thumb Code     6  stm32f10x_spi.o(.text)
    SPI_I2S_GetITStatus                      0x0800aae7   Thumb Code    52  stm32f10x_spi.o(.text)
    SPI_I2S_ClearITPendingBit                0x0800ab1b   Thumb Code    20  stm32f10x_spi.o(.text)
    USART_DeInit                             0x0800ab3d   Thumb Code   134  stm32f10x_usart.o(.text)
    USART_Init                               0x0800abc3   Thumb Code   210  stm32f10x_usart.o(.text)
    USART_StructInit                         0x0800ac95   Thumb Code    24  stm32f10x_usart.o(.text)
    USART_ClockInit                          0x0800acad   Thumb Code    34  stm32f10x_usart.o(.text)
    USART_ClockStructInit                    0x0800accf   Thumb Code    12  stm32f10x_usart.o(.text)
    USART_Cmd                                0x0800acdb   Thumb Code    24  stm32f10x_usart.o(.text)
    USART_ITConfig                           0x0800acf3   Thumb Code    74  stm32f10x_usart.o(.text)
    USART_DMACmd                             0x0800ad3d   Thumb Code    18  stm32f10x_usart.o(.text)
    USART_SetAddress                         0x0800ad4f   Thumb Code    18  stm32f10x_usart.o(.text)
    USART_WakeUpConfig                       0x0800ad61   Thumb Code    18  stm32f10x_usart.o(.text)
    USART_ReceiverWakeUpCmd                  0x0800ad73   Thumb Code    24  stm32f10x_usart.o(.text)
    USART_LINBreakDetectLengthConfig         0x0800ad8b   Thumb Code    18  stm32f10x_usart.o(.text)
    USART_LINCmd                             0x0800ad9d   Thumb Code    24  stm32f10x_usart.o(.text)
    USART_SendData                           0x0800adb5   Thumb Code     8  stm32f10x_usart.o(.text)
    USART_ReceiveData                        0x0800adbd   Thumb Code    10  stm32f10x_usart.o(.text)
    USART_SendBreak                          0x0800adc7   Thumb Code    10  stm32f10x_usart.o(.text)
    USART_SetGuardTime                       0x0800add1   Thumb Code    16  stm32f10x_usart.o(.text)
    USART_SetPrescaler                       0x0800ade1   Thumb Code    16  stm32f10x_usart.o(.text)
    USART_SmartCardCmd                       0x0800adf1   Thumb Code    24  stm32f10x_usart.o(.text)
    USART_SmartCardNACKCmd                   0x0800ae09   Thumb Code    24  stm32f10x_usart.o(.text)
    USART_HalfDuplexCmd                      0x0800ae21   Thumb Code    24  stm32f10x_usart.o(.text)
    USART_OverSampling8Cmd                   0x0800ae39   Thumb Code    22  stm32f10x_usart.o(.text)
    USART_OneBitMethodCmd                    0x0800ae4f   Thumb Code    24  stm32f10x_usart.o(.text)
    USART_IrDAConfig                         0x0800ae67   Thumb Code    18  stm32f10x_usart.o(.text)
    USART_IrDACmd                            0x0800ae79   Thumb Code    24  stm32f10x_usart.o(.text)
    USART_GetFlagStatus                      0x0800ae91   Thumb Code    26  stm32f10x_usart.o(.text)
    USART_ClearFlag                          0x0800aeab   Thumb Code    18  stm32f10x_usart.o(.text)
    USART_GetITStatus                        0x0800aebd   Thumb Code    84  stm32f10x_usart.o(.text)
    USART_ClearITPendingBit                  0x0800af11   Thumb Code    52  stm32f10x_usart.o(.text)
    TIM_DeInit                               0x0800af45   Thumb Code   424  stm32f10x_tim.o(.text)
    TIM_TimeBaseInit                         0x0800b0ed   Thumb Code   122  stm32f10x_tim.o(.text)
    TIM_OC1Init                              0x0800b167   Thumb Code   132  stm32f10x_tim.o(.text)
    TIM_OC2Init                              0x0800b1eb   Thumb Code   154  stm32f10x_tim.o(.text)
    TIM_OC3Init                              0x0800b285   Thumb Code   150  stm32f10x_tim.o(.text)
    TIM_OC4Init                              0x0800b31b   Thumb Code   182  stm32f10x_tim.o(.text)
    TIM_SetIC4Prescaler                      0x0800b3d1   Thumb Code    26  stm32f10x_tim.o(.text)
    TIM_SetIC3Prescaler                      0x0800b46d   Thumb Code    18  stm32f10x_tim.o(.text)
    TIM_SetIC2Prescaler                      0x0800b4f9   Thumb Code    26  stm32f10x_tim.o(.text)
    TIM_SetIC1Prescaler                      0x0800b595   Thumb Code    18  stm32f10x_tim.o(.text)
    TIM_ICInit                               0x0800b613   Thumb Code   150  stm32f10x_tim.o(.text)
    TIM_PWMIConfig                           0x0800b6a9   Thumb Code   124  stm32f10x_tim.o(.text)
    TIM_BDTRConfig                           0x0800b725   Thumb Code    32  stm32f10x_tim.o(.text)
    TIM_TimeBaseStructInit                   0x0800b745   Thumb Code    18  stm32f10x_tim.o(.text)
    TIM_OCStructInit                         0x0800b757   Thumb Code    20  stm32f10x_tim.o(.text)
    TIM_ICStructInit                         0x0800b76b   Thumb Code    18  stm32f10x_tim.o(.text)
    TIM_BDTRStructInit                       0x0800b77d   Thumb Code    40  stm32f10x_tim.o(.text)
    TIM_Cmd                                  0x0800b7a5   Thumb Code    24  stm32f10x_tim.o(.text)
    TIM_CtrlPWMOutputs                       0x0800b7bd   Thumb Code    30  stm32f10x_tim.o(.text)
    TIM_ITConfig                             0x0800b7db   Thumb Code    18  stm32f10x_tim.o(.text)
    TIM_GenerateEvent                        0x0800b7ed   Thumb Code     4  stm32f10x_tim.o(.text)
    TIM_DMAConfig                            0x0800b7f1   Thumb Code    10  stm32f10x_tim.o(.text)
    TIM_DMACmd                               0x0800b7fb   Thumb Code    18  stm32f10x_tim.o(.text)
    TIM_InternalClockConfig                  0x0800b80d   Thumb Code    12  stm32f10x_tim.o(.text)
    TIM_SelectInputTrigger                   0x0800b819   Thumb Code    18  stm32f10x_tim.o(.text)
    TIM_ITRxExternalClockConfig              0x0800b82b   Thumb Code    24  stm32f10x_tim.o(.text)
    TIM_TIxExternalClockConfig               0x0800b843   Thumb Code    62  stm32f10x_tim.o(.text)
    TIM_ETRConfig                            0x0800b881   Thumb Code    28  stm32f10x_tim.o(.text)
    TIM_ETRClockMode1Config                  0x0800b89d   Thumb Code    54  stm32f10x_tim.o(.text)
    TIM_ETRClockMode2Config                  0x0800b8d3   Thumb Code    32  stm32f10x_tim.o(.text)
    TIM_PrescalerConfig                      0x0800b8f3   Thumb Code     6  stm32f10x_tim.o(.text)
    TIM_CounterModeConfig                    0x0800b8f9   Thumb Code    18  stm32f10x_tim.o(.text)
    TIM_EncoderInterfaceConfig               0x0800b90b   Thumb Code    66  stm32f10x_tim.o(.text)
    TIM_ForcedOC1Config                      0x0800b94d   Thumb Code    18  stm32f10x_tim.o(.text)
    TIM_ForcedOC2Config                      0x0800b95f   Thumb Code    26  stm32f10x_tim.o(.text)
    TIM_ForcedOC3Config                      0x0800b979   Thumb Code    18  stm32f10x_tim.o(.text)
    TIM_ForcedOC4Config                      0x0800b98b   Thumb Code    26  stm32f10x_tim.o(.text)
    TIM_ARRPreloadConfig                     0x0800b9a5   Thumb Code    24  stm32f10x_tim.o(.text)
    TIM_SelectCOM                            0x0800b9bd   Thumb Code    24  stm32f10x_tim.o(.text)
    TIM_SelectCCDMA                          0x0800b9d5   Thumb Code    24  stm32f10x_tim.o(.text)
    TIM_CCPreloadControl                     0x0800b9ed   Thumb Code    24  stm32f10x_tim.o(.text)
    TIM_OC1PreloadConfig                     0x0800ba05   Thumb Code    18  stm32f10x_tim.o(.text)
    TIM_OC2PreloadConfig                     0x0800ba17   Thumb Code    26  stm32f10x_tim.o(.text)
    TIM_OC3PreloadConfig                     0x0800ba31   Thumb Code    18  stm32f10x_tim.o(.text)
    TIM_OC4PreloadConfig                     0x0800ba43   Thumb Code    26  stm32f10x_tim.o(.text)
    TIM_OC1FastConfig                        0x0800ba5d   Thumb Code    18  stm32f10x_tim.o(.text)
    TIM_OC2FastConfig                        0x0800ba6f   Thumb Code    26  stm32f10x_tim.o(.text)
    TIM_OC3FastConfig                        0x0800ba89   Thumb Code    18  stm32f10x_tim.o(.text)
    TIM_OC4FastConfig                        0x0800ba9b   Thumb Code    26  stm32f10x_tim.o(.text)
    TIM_ClearOC1Ref                          0x0800bab5   Thumb Code    18  stm32f10x_tim.o(.text)
    TIM_ClearOC2Ref                          0x0800bac7   Thumb Code    24  stm32f10x_tim.o(.text)
    TIM_ClearOC3Ref                          0x0800badf   Thumb Code    18  stm32f10x_tim.o(.text)
    TIM_ClearOC4Ref                          0x0800baf1   Thumb Code    24  stm32f10x_tim.o(.text)
    TIM_OC1PolarityConfig                    0x0800bb09   Thumb Code    18  stm32f10x_tim.o(.text)
    TIM_OC1NPolarityConfig                   0x0800bb1b   Thumb Code    18  stm32f10x_tim.o(.text)
    TIM_OC2PolarityConfig                    0x0800bb2d   Thumb Code    26  stm32f10x_tim.o(.text)
    TIM_OC2NPolarityConfig                   0x0800bb47   Thumb Code    26  stm32f10x_tim.o(.text)
    TIM_OC3PolarityConfig                    0x0800bb61   Thumb Code    26  stm32f10x_tim.o(.text)
    TIM_OC3NPolarityConfig                   0x0800bb7b   Thumb Code    26  stm32f10x_tim.o(.text)
    TIM_OC4PolarityConfig                    0x0800bb95   Thumb Code    26  stm32f10x_tim.o(.text)
    TIM_CCxCmd                               0x0800bbaf   Thumb Code    30  stm32f10x_tim.o(.text)
    TIM_CCxNCmd                              0x0800bbcd   Thumb Code    30  stm32f10x_tim.o(.text)
    TIM_SelectOCxM                           0x0800bbeb   Thumb Code    82  stm32f10x_tim.o(.text)
    TIM_UpdateDisableConfig                  0x0800bc3d   Thumb Code    24  stm32f10x_tim.o(.text)
    TIM_UpdateRequestConfig                  0x0800bc55   Thumb Code    24  stm32f10x_tim.o(.text)
    TIM_SelectHallSensor                     0x0800bc6d   Thumb Code    24  stm32f10x_tim.o(.text)
    TIM_SelectOnePulseMode                   0x0800bc85   Thumb Code    18  stm32f10x_tim.o(.text)
    TIM_SelectOutputTrigger                  0x0800bc97   Thumb Code    18  stm32f10x_tim.o(.text)
    TIM_SelectSlaveMode                      0x0800bca9   Thumb Code    18  stm32f10x_tim.o(.text)
    TIM_SelectMasterSlaveMode                0x0800bcbb   Thumb Code    18  stm32f10x_tim.o(.text)
    TIM_SetCounter                           0x0800bccd   Thumb Code     4  stm32f10x_tim.o(.text)
    TIM_SetAutoreload                        0x0800bcd1   Thumb Code     4  stm32f10x_tim.o(.text)
    TIM_SetCompare1                          0x0800bcd5   Thumb Code     4  stm32f10x_tim.o(.text)
    TIM_SetCompare2                          0x0800bcd9   Thumb Code     4  stm32f10x_tim.o(.text)
    TIM_SetCompare3                          0x0800bcdd   Thumb Code     4  stm32f10x_tim.o(.text)
    TIM_SetCompare4                          0x0800bce1   Thumb Code     6  stm32f10x_tim.o(.text)
    TIM_SetClockDivision                     0x0800bce7   Thumb Code    18  stm32f10x_tim.o(.text)
    TIM_GetCapture1                          0x0800bcf9   Thumb Code     6  stm32f10x_tim.o(.text)
    TIM_GetCapture2                          0x0800bcff   Thumb Code     6  stm32f10x_tim.o(.text)
    TIM_GetCapture3                          0x0800bd05   Thumb Code     6  stm32f10x_tim.o(.text)
    TIM_GetCapture4                          0x0800bd0b   Thumb Code     8  stm32f10x_tim.o(.text)
    TIM_GetCounter                           0x0800bd13   Thumb Code     6  stm32f10x_tim.o(.text)
    TIM_GetPrescaler                         0x0800bd19   Thumb Code     6  stm32f10x_tim.o(.text)
    TIM_GetFlagStatus                        0x0800bd1f   Thumb Code    18  stm32f10x_tim.o(.text)
    TIM_ClearFlag                            0x0800bd31   Thumb Code     6  stm32f10x_tim.o(.text)
    TIM_GetITStatus                          0x0800bd37   Thumb Code    34  stm32f10x_tim.o(.text)
    TIM_ClearITPendingBit                    0x0800bd59   Thumb Code     6  stm32f10x_tim.o(.text)
    DMA_DeInit                               0x0800bd61   Thumb Code   324  stm32f10x_dma.o(.text)
    DMA_Init                                 0x0800bea5   Thumb Code    60  stm32f10x_dma.o(.text)
    DMA_StructInit                           0x0800bee1   Thumb Code    26  stm32f10x_dma.o(.text)
    DMA_Cmd                                  0x0800befb   Thumb Code    24  stm32f10x_dma.o(.text)
    DMA_ITConfig                             0x0800bf13   Thumb Code    18  stm32f10x_dma.o(.text)
    DMA_SetCurrDataCounter                   0x0800bf25   Thumb Code     4  stm32f10x_dma.o(.text)
    DMA_GetCurrDataCounter                   0x0800bf29   Thumb Code     8  stm32f10x_dma.o(.text)
    DMA_GetFlagStatus                        0x0800bf31   Thumb Code    40  stm32f10x_dma.o(.text)
    DMA_ClearFlag                            0x0800bf59   Thumb Code    22  stm32f10x_dma.o(.text)
    DMA_GetITStatus                          0x0800bf6f   Thumb Code    40  stm32f10x_dma.o(.text)
    DMA_ClearITPendingBit                    0x0800bf97   Thumb Code    22  stm32f10x_dma.o(.text)
    SDIO_DeInit                              0x0800bfb5   Thumb Code    28  stm32f10x_sdio.o(.text)
    SDIO_Init                                0x0800bfd1   Thumb Code    42  stm32f10x_sdio.o(.text)
    SDIO_StructInit                          0x0800bffb   Thumb Code    16  stm32f10x_sdio.o(.text)
    SDIO_ClockCmd                            0x0800c00b   Thumb Code     6  stm32f10x_sdio.o(.text)
    SDIO_SetPowerState                       0x0800c011   Thumb Code    22  stm32f10x_sdio.o(.text)
    SDIO_GetPowerState                       0x0800c027   Thumb Code    10  stm32f10x_sdio.o(.text)
    SDIO_ITConfig                            0x0800c031   Thumb Code    26  stm32f10x_sdio.o(.text)
    SDIO_DMACmd                              0x0800c04b   Thumb Code     6  stm32f10x_sdio.o(.text)
    SDIO_SendCommand                         0x0800c051   Thumb Code    38  stm32f10x_sdio.o(.text)
    SDIO_CmdStructInit                       0x0800c077   Thumb Code    14  stm32f10x_sdio.o(.text)
    SDIO_GetCommandResponse                  0x0800c085   Thumb Code     8  stm32f10x_sdio.o(.text)
    SDIO_GetResponse                         0x0800c08d   Thumb Code    22  stm32f10x_sdio.o(.text)
    SDIO_DataConfig                          0x0800c0a3   Thumb Code    42  stm32f10x_sdio.o(.text)
    SDIO_DataStructInit                      0x0800c0cd   Thumb Code    20  stm32f10x_sdio.o(.text)
    SDIO_GetDataCounter                      0x0800c0e1   Thumb Code     6  stm32f10x_sdio.o(.text)
    SDIO_ReadData                            0x0800c0e7   Thumb Code     8  stm32f10x_sdio.o(.text)
    SDIO_WriteData                           0x0800c0ef   Thumb Code     8  stm32f10x_sdio.o(.text)
    SDIO_GetFIFOCount                        0x0800c0f7   Thumb Code     6  stm32f10x_sdio.o(.text)
    SDIO_StartSDIOReadWait                   0x0800c0fd   Thumb Code     8  stm32f10x_sdio.o(.text)
    SDIO_StopSDIOReadWait                    0x0800c105   Thumb Code     8  stm32f10x_sdio.o(.text)
    SDIO_SetSDIOReadWaitMode                 0x0800c10d   Thumb Code     8  stm32f10x_sdio.o(.text)
    SDIO_SetSDIOOperation                    0x0800c115   Thumb Code     8  stm32f10x_sdio.o(.text)
    SDIO_SendSDIOSuspendCmd                  0x0800c11d   Thumb Code     6  stm32f10x_sdio.o(.text)
    SDIO_CommandCompletionCmd                0x0800c123   Thumb Code     8  stm32f10x_sdio.o(.text)
    SDIO_CEATAITCmd                          0x0800c12b   Thumb Code    12  stm32f10x_sdio.o(.text)
    SDIO_SendCEATACmd                        0x0800c137   Thumb Code     8  stm32f10x_sdio.o(.text)
    SDIO_GetFlagStatus                       0x0800c13f   Thumb Code    20  stm32f10x_sdio.o(.text)
    SDIO_ClearFlag                           0x0800c153   Thumb Code     6  stm32f10x_sdio.o(.text)
    SDIO_GetITStatus                         0x0800c159   Thumb Code    20  stm32f10x_sdio.o(.text)
    SDIO_ClearITPendingBit                   0x0800c16d   Thumb Code     6  stm32f10x_sdio.o(.text)
    mymemcpy                                 0x0800c189   Thumb Code    26  malloc.o(.text)
    mymemset                                 0x0800c1a3   Thumb Code    20  malloc.o(.text)
    my_mem_init                              0x0800c1b7   Thumb Code    54  malloc.o(.text)
    my_mem_perused                           0x0800c1ed   Thumb Code    54  malloc.o(.text)
    my_mem_malloc                            0x0800c223   Thumb Code   154  malloc.o(.text)
    my_mem_free                              0x0800c2bd   Thumb Code    94  malloc.o(.text)
    myfree                                   0x0800c31b   Thumb Code    32  malloc.o(.text)
    mymalloc                                 0x0800c33b   Thumb Code    36  malloc.o(.text)
    myrealloc                                0x0800c35f   Thumb Code    68  malloc.o(.text)
    disk_status                              0x0800c3b5   Thumb Code     6  diskio.o(.text)
    disk_initialize                          0x0800c3bb   Thumb Code    52  diskio.o(.text)
    disk_read                                0x0800c3ef   Thumb Code   122  diskio.o(.text)
    disk_write                               0x0800c469   Thumb Code   122  diskio.o(.text)
    disk_ioctl                               0x0800c4e3   Thumb Code   170  diskio.o(.text)
    get_fattime                              0x0800c58d   Thumb Code     4  diskio.o(.text)
    ff_memalloc                              0x0800c591   Thumb Code    14  diskio.o(.text)
    ff_memfree                               0x0800c59f   Thumb Code    14  diskio.o(.text)
    clust2sect                               0x0800c76b   Thumb Code    26  ff.o(.text)
    get_fat                                  0x0800c785   Thumb Code   242  ff.o(.text)
    put_fat                                  0x0800c877   Thumb Code   322  ff.o(.text)
    dir_sdi                                  0x0800cb2d   Thumb Code   158  ff.o(.text)
    f_mount                                  0x0800dbb7   Thumb Code    86  ff.o(.text)
    f_open                                   0x0800dc0d   Thumb Code   384  ff.o(.text)
    f_read                                   0x0800dd8d   Thumb Code   450  ff.o(.text)
    f_write                                  0x0800df4f   Thumb Code   490  ff.o(.text)
    f_sync                                   0x0800e139   Thumb Code   176  ff.o(.text)
    f_close                                  0x0800e1e9   Thumb Code    32  ff.o(.text)
    f_lseek                                  0x0800e209   Thumb Code   684  ff.o(.text)
    f_opendir                                0x0800e4b5   Thumb Code   136  ff.o(.text)
    f_closedir                               0x0800e53d   Thumb Code    22  ff.o(.text)
    f_readdir                                0x0800e553   Thumb Code   114  ff.o(.text)
    f_stat                                   0x0800e5c5   Thumb Code    84  ff.o(.text)
    f_getfree                                0x0800e619   Thumb Code   258  ff.o(.text)
    f_truncate                               0x0800e71b   Thumb Code   184  ff.o(.text)
    f_unlink                                 0x0800e7d3   Thumb Code   190  ff.o(.text)
    f_mkdir                                  0x0800e891   Thumb Code   380  ff.o(.text)
    f_chmod                                  0x0800ea0d   Thumb Code   112  ff.o(.text)
    f_rename                                 0x0800ea7d   Thumb Code   290  ff.o(.text)
    f_utime                                  0x0800eb9f   Thumb Code   110  ff.o(.text)
    f_getlabel                               0x0800ec0d   Thumb Code   190  ff.o(.text)
    f_setlabel                               0x0800eccb   Thumb Code   482  ff.o(.text)
    f_mkfs                                   0x0800eead   Thumb Code  1578  ff.o(.text)
    f_gets                                   0x0800f4d7   Thumb Code    82  ff.o(.text)
    f_putc                                   0x0800f56d   Thumb Code    64  ff.o(.text)
    f_puts                                   0x0800f5ad   Thumb Code    74  ff.o(.text)
    f_printf                                 0x0800f5f7   Thumb Code   674  ff.o(.text)
    exfuns_init                              0x0800f899   Thumb Code   114  exfuns.o(.text)
    char_upper                               0x0800f90b   Thumb Code    26  exfuns.o(.text)
    f_typetell                               0x0800f925   Thumb Code   188  exfuns.o(.text)
    exf_getfree                              0x0800f9e1   Thumb Code    74  exfuns.o(.text)
    mf_mount                                 0x0800fa41   Thumb Code    20  fattester.o(.text)
    mf_open                                  0x0800fa55   Thumb Code    24  fattester.o(.text)
    mf_close                                 0x0800fa6d   Thumb Code    14  fattester.o(.text)
    mf_read                                  0x0800fa7b   Thumb Code   224  fattester.o(.text)
    mf_write                                 0x0800fb5b   Thumb Code    68  fattester.o(.text)
    mf_opendir                               0x0800fb9f   Thumb Code    14  fattester.o(.text)
    mf_closedir                              0x0800fbad   Thumb Code    10  fattester.o(.text)
    mf_readdir                               0x0800fbb7   Thumb Code   204  fattester.o(.text)
    mf_scan_files                            0x0800fc83   Thumb Code   120  fattester.o(.text)
    mf_showfree                              0x0800fcfb   Thumb Code    88  fattester.o(.text)
    mf_lseek                                 0x0800fd53   Thumb Code    16  fattester.o(.text)
    mf_tell                                  0x0800fd63   Thumb Code     8  fattester.o(.text)
    mf_size                                  0x0800fd6b   Thumb Code     8  fattester.o(.text)
    mf_mkdir                                 0x0800fd73   Thumb Code    12  fattester.o(.text)
    mf_fmkfs                                 0x0800fd7f   Thumb Code    20  fattester.o(.text)
    mf_unlink                                0x0800fd93   Thumb Code    12  fattester.o(.text)
    mf_rename                                0x0800fd9f   Thumb Code    16  fattester.o(.text)
    mf_getlabel                              0x0800fdaf   Thumb Code    58  fattester.o(.text)
    mf_setlabel                              0x0800fde9   Thumb Code    34  fattester.o(.text)
    mf_gets                                  0x0800fe0b   Thumb Code   698  fattester.o(.text)
    mf_putc                                  0x080100c5   Thumb Code    18  fattester.o(.text)
    mf_puts                                  0x080100d7   Thumb Code    18  fattester.o(.text)
    ff_convert                               0x08010109   Thumb Code   146  mycc936.o(.text)
    ff_wtoupper                              0x0801019b   Thumb Code    46  mycc936.o(.text)
    usmart_sys_cmd_exe                       0x080101d5   Thumb Code  1554  usmart.o(.text)
    usmart_reset_runtime                     0x080107e7   Thumb Code    38  usmart.o(.text)
    usmart_get_runtime                       0x0801080d   Thumb Code    60  usmart.o(.text)
    TIM4_IRQHandler                          0x08010849   Thumb Code    46  usmart.o(.text)
    Timer4_Init                              0x08010877   Thumb Code    88  usmart.o(.text)
    usmart_init                              0x080108cf   Thumb Code    36  usmart.o(.text)
    usmart_cmd_rec                           0x080108f3   Thumb Code   170  usmart.o(.text)
    usmart_exe                               0x0801099d   Thumb Code   870  usmart.o(.text)
    usmart_scan                              0x08010d03   Thumb Code   120  usmart.o(.text)
    read_addr                                0x08010d7b   Thumb Code     6  usmart.o(.text)
    write_addr                               0x08010d81   Thumb Code     4  usmart.o(.text)
    usmart_strcmp                            0x08010e0d   Thumb Code    34  usmart_str.o(.text)
    usmart_strcopy                           0x08010e2f   Thumb Code    22  usmart_str.o(.text)
    usmart_strlen                            0x08010e45   Thumb Code    24  usmart_str.o(.text)
    usmart_pow                               0x08010e5d   Thumb Code    22  usmart_str.o(.text)
    usmart_str2num                           0x08010e73   Thumb Code   202  usmart_str.o(.text)
    usmart_get_cmdname                       0x08010f3d   Thumb Code    54  usmart_str.o(.text)
    usmart_search_nextc                      0x08010f73   Thumb Code    22  usmart_str.o(.text)
    usmart_get_fname                         0x08010f89   Thumb Code   440  usmart_str.o(.text)
    usmart_get_aparm                         0x08011141   Thumb Code   200  usmart_str.o(.text)
    usmart_get_parmpos                       0x08011209   Thumb Code    26  usmart_str.o(.text)
    usmart_get_fparam                        0x08011223   Thumb Code   262  usmart_str.o(.text)
    fupd_prog                                0x08011335   Thumb Code   134  fontupd.o(.text)
    updata_fontx                             0x080113bb   Thumb Code   346  fontupd.o(.text)
    update_font                              0x08011515   Thumb Code   882  fontupd.o(.text)
    font_init                                0x08011887   Thumb Code    64  fontupd.o(.text)
    Get_HzMat                                0x08011905   Thumb Code   220  text.o(.text)
    Show_Font                                0x080119e1   Thumb Code   190  text.o(.text)
    Show_Str                                 0x08011a9f   Thumb Code   192  text.o(.text)
    Show_Str_Mid                             0x08011b5f   Thumb Code   106  text.o(.text)
    alientek_ncr_memset                      0x08011bd9   Thumb Code    20  atk_ncr.o(.text)
    alientek_ncr_malloc                      0x08011bed   Thumb Code    14  atk_ncr.o(.text)
    alientek_ncr_free                        0x08011bfb   Thumb Code    14  atk_ncr.o(.text)
    alientek_ncr_stop                        0x08011c09   Thumb Code    60  recognition.o(.text)
    alientek_ncr_init                        0x08011c45   Thumb Code   148  recognition.o(.text)
    QuickSort                                0x08011cd9   Thumb Code   188  recognition.o(.text)
    matrix_multiplication                    0x08011d95   Thumb Code   108  recognition.o(.text)
    CalcDirect                               0x08011e01   Thumb Code   266  recognition.o(.text)
    GetPot                                   0x08011f0b   Thumb Code    58  recognition.o(.text)
    OverallElasticMesh                       0x08011f45   Thumb Code   526  recognition.o(.text)
    FeaExtractByGradient                     0x08012153   Thumb Code  1888  recognition.o(.text)
    DDA_IMAGE                                0x080128b3   Thumb Code  1352  recognition.o(.text)
    LinearNorm_data                          0x08012dfb   Thumb Code   276  recognition.o(.text)
    DDA_atk_ncr_point                        0x08012f0f   Thumb Code   568  recognition.o(.text)
    SmoothFilter                             0x08013147   Thumb Code   206  recognition.o(.text)
    recog                                    0x08013215   Thumb Code   712  recognition.o(.text)
    alientek_ncr                             0x080134dd   Thumb Code   250  recognition.o(.text)
    ExtractPoint                             0x080135d7   Thumb Code   498  recognition.o(.text)
    __use_no_semihosting                     0x080137c9   Thumb Code     2  use_no_semi_2.o(.text)
    __aeabi_ldivmod                          0x080137cb   Thumb Code     0  llsdiv.o(.text)
    _ll_sdiv                                 0x080137cb   Thumb Code    72  llsdiv.o(.text)
    __2printf                                0x08013815   Thumb Code    20  noretval__2printf.o(.text)
    _printf_pre_padding                      0x0801382d   Thumb Code    44  _printf_pad.o(.text)
    _printf_post_padding                     0x08013859   Thumb Code    34  _printf_pad.o(.text)
    _printf_str                              0x0801387b   Thumb Code    82  _printf_str.o(.text)
    _printf_int_dec                          0x080138cd   Thumb Code   104  _printf_dec.o(.text)
    _printf_int_hex                          0x08013945   Thumb Code    84  _printf_hex_int.o(.text)
    _printf_longlong_hex                     0x08013945   Thumb Code     0  _printf_hex_int.o(.text)
    __printf                                 0x0801399d   Thumb Code   388  __printf_flags_ss_wp.o(.text)
    strcpy                                   0x08013b25   Thumb Code    72  strcpy.o(.text)
    strlen                                   0x08013b6d   Thumb Code    62  strlen.o(.text)
    strcat                                   0x08013bab   Thumb Code    24  strcat.o(.text)
    __aeabi_memcpy                           0x08013bc3   Thumb Code     0  rt_memcpy_v6.o(.text)
    __rt_memcpy                              0x08013bc3   Thumb Code   138  rt_memcpy_v6.o(.text)
    _memcpy_lastbytes                        0x08013c29   Thumb Code     0  rt_memcpy_v6.o(.text)
    strcmp                                   0x08013c4d   Thumb Code   128  strcmpv7m.o(.text)
    __use_two_region_memory                  0x08013ccd   Thumb Code     2  heapauxi.o(.text)
    __rt_heap_escrow$2region                 0x08013ccf   Thumb Code     2  heapauxi.o(.text)
    __rt_heap_expand$2region                 0x08013cd1   Thumb Code     2  heapauxi.o(.text)
    __I$use$semihosting                      0x08013cd3   Thumb Code     0  use_no_semi.o(.text)
    __use_no_semihosting_swi                 0x08013cd3   Thumb Code     2  use_no_semi.o(.text)
    __aeabi_uldivmod                         0x08013cd5   Thumb Code     0  lludivv7m.o(.text)
    _ll_udiv                                 0x08013cd5   Thumb Code   238  lludivv7m.o(.text)
    __read_errno                             0x08013dc3   Thumb Code    10  _rserrno.o(.text)
    __set_errno                              0x08013dcd   Thumb Code    12  _rserrno.o(.text)
    _printf_int_common                       0x08013dd9   Thumb Code   178  _printf_intcommon.o(.text)
    _printf_cs_common                        0x08013e8b   Thumb Code    20  _printf_char.o(.text)
    _printf_char                             0x08013e9f   Thumb Code    16  _printf_char.o(.text)
    _printf_string                           0x08013eaf   Thumb Code     8  _printf_char.o(.text)
    _printf_char_file                        0x08013eb9   Thumb Code    32  _printf_char_file.o(.text)
    __aeabi_memcpy4                          0x08013edd   Thumb Code     0  rt_memcpy_w.o(.text)
    __aeabi_memcpy8                          0x08013edd   Thumb Code     0  rt_memcpy_w.o(.text)
    __rt_memcpy_w                            0x08013edd   Thumb Code   100  rt_memcpy_w.o(.text)
    _memcpy_lastbytes_aligned                0x08013f25   Thumb Code     0  rt_memcpy_w.o(.text)
    __aeabi_errno_addr                       0x08013f41   Thumb Code     8  rt_errno_addr_intlibspace.o(.text)
    __errno$intlibspace                      0x08013f41   Thumb Code     0  rt_errno_addr_intlibspace.o(.text)
    __rt_errno_addr$intlibspace              0x08013f41   Thumb Code     0  rt_errno_addr_intlibspace.o(.text)
    _printf_char_common                      0x08013f53   Thumb Code    32  _printf_char_common.o(.text)
    ferror                                   0x08013f79   Thumb Code     8  ferror.o(.text)
    __user_libspace                          0x08013f81   Thumb Code     8  libspace.o(.text)
    __user_perproc_libspace                  0x08013f81   Thumb Code     0  libspace.o(.text)
    __user_perthread_libspace                0x08013f81   Thumb Code     0  libspace.o(.text)
    __user_setup_stackheap                   0x08013f89   Thumb Code    74  sys_stackheap_outer.o(.text)
    exit                                     0x08013fd3   Thumb Code    12  exit.o(.text)
    __ARM_fpclassifyf                        0x08013fdf   Thumb Code    38  fpclassifyf.o(i.__ARM_fpclassifyf)
    __mathlib_flt_divzero                    0x08014005   Thumb Code    10  funder.o(i.__mathlib_flt_divzero)
    __mathlib_flt_infnan2                    0x0801400f   Thumb Code     4  funder.o(i.__mathlib_flt_infnan2)
    __mathlib_flt_invalid                    0x08014013   Thumb Code     8  funder.o(i.__mathlib_flt_invalid)
    __mathlib_flt_overflow                   0x0801401b   Thumb Code    10  funder.o(i.__mathlib_flt_overflow)
    __mathlib_flt_underflow                  0x08014025   Thumb Code    10  funder.o(i.__mathlib_flt_underflow)
    _is_digit                                0x0801402f   Thumb Code    14  __printf_wp.o(i._is_digit)
    __mathlib_powf                           0x0801403d   Thumb Code     0  powf.o(i.powf)
    powf                                     0x0801403d   Thumb Code  1488  powf.o(i.powf)
    sqrt                                     0x08014621   Thumb Code    76  sqrt.o(i.sqrt)
    __aeabi_dadd                             0x0801466d   Thumb Code     0  daddsub_clz.o(x$fpl$dadd)
    _dadd                                    0x0801466d   Thumb Code   332  daddsub_clz.o(x$fpl$dadd)
    __fpl_dcmp_Inf                           0x080147bd   Thumb Code    24  dcmpi.o(x$fpl$dcmpinf)
    __aeabi_d2uiz                            0x080147d5   Thumb Code     0  dfixu.o(x$fpl$dfixu)
    _dfixu                                   0x080147d5   Thumb Code    90  dfixu.o(x$fpl$dfixu)
    __aeabi_i2d                              0x0801482f   Thumb Code     0  dflt_clz.o(x$fpl$dflt)
    _dflt                                    0x0801482f   Thumb Code    46  dflt_clz.o(x$fpl$dflt)
    __aeabi_ui2d                             0x0801485d   Thumb Code     0  dflt_clz.o(x$fpl$dfltu)
    _dfltu                                   0x0801485d   Thumb Code    38  dflt_clz.o(x$fpl$dfltu)
    __aeabi_cdcmple                          0x08014885   Thumb Code     0  dleqf.o(x$fpl$dleqf)
    _dcmple                                  0x08014885   Thumb Code   120  dleqf.o(x$fpl$dleqf)
    __fpl_dcmple_InfNaN                      0x080148e7   Thumb Code     0  dleqf.o(x$fpl$dleqf)
    __aeabi_dmul                             0x080148fd   Thumb Code     0  dmul.o(x$fpl$dmul)
    _dmul                                    0x080148fd   Thumb Code   332  dmul.o(x$fpl$dmul)
    __fpl_dnaninf                            0x08014a51   Thumb Code   156  dnaninf.o(x$fpl$dnaninf)
    __fpl_dretinf                            0x08014aed   Thumb Code    12  dretinf.o(x$fpl$dretinf)
    __aeabi_cdrcmple                         0x08014af9   Thumb Code     0  drleqf.o(x$fpl$drleqf)
    _drcmple                                 0x08014af9   Thumb Code   108  drleqf.o(x$fpl$drleqf)
    __aeabi_drsub                            0x08014b65   Thumb Code     0  daddsub_clz.o(x$fpl$drsb)
    _drsb                                    0x08014b65   Thumb Code    22  daddsub_clz.o(x$fpl$drsb)
    _dsqrt                                   0x08014b7d   Thumb Code   456  dsqrt_noumaal.o(x$fpl$dsqrt)
    __aeabi_dsub                             0x08014d49   Thumb Code     0  daddsub_clz.o(x$fpl$dsub)
    _dsub                                    0x08014d49   Thumb Code   464  daddsub_clz.o(x$fpl$dsub)
    __aeabi_f2d                              0x08014f1d   Thumb Code     0  f2d.o(x$fpl$f2d)
    _f2d                                     0x08014f1d   Thumb Code    86  f2d.o(x$fpl$f2d)
    __aeabi_fadd                             0x08014f75   Thumb Code     0  faddsub_clz.o(x$fpl$fadd)
    _fadd                                    0x08014f75   Thumb Code   196  faddsub_clz.o(x$fpl$fadd)
    __fpl_fcheck_NaN1                        0x08015039   Thumb Code     6  fcheck1.o(x$fpl$fcheck1)
    __fpl_fcmp_Inf                           0x08015045   Thumb Code    24  fcmpi.o(x$fpl$fcmpinf)
    __aeabi_fdiv                             0x0801505d   Thumb Code     0  fdiv.o(x$fpl$fdiv)
    _fdiv                                    0x0801505d   Thumb Code   384  fdiv.o(x$fpl$fdiv)
    __aeabi_cfcmpeq                          0x080151e1   Thumb Code     0  feqf.o(x$fpl$feqf)
    _fcmpeq                                  0x080151e1   Thumb Code   104  feqf.o(x$fpl$feqf)
    __aeabi_f2iz                             0x08015249   Thumb Code     0  ffix.o(x$fpl$ffix)
    _ffix                                    0x08015249   Thumb Code    54  ffix.o(x$fpl$ffix)
    _ffix_r                                  0x08015281   Thumb Code    82  ffix.o(x$fpl$ffixr)
    __aeabi_f2uiz                            0x080152d5   Thumb Code     0  ffixu.o(x$fpl$ffixu)
    _ffixu                                   0x080152d5   Thumb Code    62  ffixu.o(x$fpl$ffixu)
    __aeabi_i2f                              0x08015315   Thumb Code     0  fflt_clz.o(x$fpl$fflt)
    _fflt                                    0x08015315   Thumb Code    48  fflt_clz.o(x$fpl$fflt)
    __aeabi_ui2f                             0x08015345   Thumb Code     0  fflt_clz.o(x$fpl$ffltu)
    _ffltu                                   0x08015345   Thumb Code    38  fflt_clz.o(x$fpl$ffltu)
    __aeabi_cfcmple                          0x0801536d   Thumb Code     0  fleqf.o(x$fpl$fleqf)
    _fcmple                                  0x0801536d   Thumb Code   104  fleqf.o(x$fpl$fleqf)
    __fpl_fcmple_InfNaN                      0x080153bf   Thumb Code     0  fleqf.o(x$fpl$fleqf)
    __aeabi_fmul                             0x080153d5   Thumb Code     0  fmul.o(x$fpl$fmul)
    _fmul                                    0x080153d5   Thumb Code   258  fmul.o(x$fpl$fmul)
    __fpl_fnaninf                            0x080154d7   Thumb Code   140  fnaninf.o(x$fpl$fnaninf)
    __fpl_fretinf                            0x08015563   Thumb Code    10  fretinf.o(x$fpl$fretinf)
    __aeabi_frsub                            0x0801556d   Thumb Code     0  faddsub_clz.o(x$fpl$frsb)
    _frsb                                    0x0801556d   Thumb Code    20  faddsub_clz.o(x$fpl$frsb)
    __aeabi_fsub                             0x08015581   Thumb Code     0  faddsub_clz.o(x$fpl$fsub)
    _fsub                                    0x08015581   Thumb Code   234  faddsub_clz.o(x$fpl$fsub)
    __fpl_return_NaN                         0x0801566b   Thumb Code   100  retnan.o(x$fpl$retnan)
    __ARM_scalbnf                            0x080156cf   Thumb Code    76  scalbnf.o(x$fpl$scalbnf)
    __fpl_cmpreturn                          0x0801571b   Thumb Code    48  trapv.o(x$fpl$trapveneer)
    __I$use$fp                               0x0801574a   Number         0  usenofp.o(x$fpl$usenofp)
    asc2_1206                                0x0801574a   Data        1140  lcd.o(.constdata)
    asc2_1608                                0x08015bbe   Data        1520  lcd.o(.constdata)
    asc2_2412                                0x080161ae   Data        3420  lcd.o(.constdata)
    FT5206_TPX_TBL                           0x08016f0a   Data          10  ft5206.o(.constdata)
    GT9147_CFG_TBL                           0x08016f14   Data         184  gt9147.o(.constdata)
    GT9147_TPX_TBL                           0x08016fcc   Data          10  gt9147.o(.constdata)
    OTT_TPX_TBL                              0x08016fd6   Data          10  ott2001a.o(.constdata)
    TP_REMIND_MSG_TBL                        0x08016fe0   Data           4  touch.o(.constdata)
    memtblsize                               0x08016fe4   Data           8  malloc.o(.constdata)
    memblksize                               0x08016fec   Data           8  malloc.o(.constdata)
    memsize                                  0x08016ff4   Data           8  malloc.o(.constdata)
    FILE_TYPE_TBL                            0x08017038   Data         312  exfuns.o(.constdata)
    GBK24_PATH                               0x08017530   Data           4  fontupd.o(.constdata)
    GBK16_PATH                               0x08017534   Data           4  fontupd.o(.constdata)
    GBK12_PATH                               0x08017538   Data           4  fontupd.o(.constdata)
    UNIGBK_PATH                              0x0801753c   Data           4  fontupd.o(.constdata)
    E_GTABLE                                 0x08017540   Data         972  recognition.o(.constdata)
    E_GARTABLE                               0x0801790c   Data        2500  recognition.o(.constdata)
    E_LDA                                    0x080182d0   Data       20480  recognition.o(.constdata)
    E_MODEL                                  0x0801d2d0   Data        9920  recognition.o(.constdata)
    Dic                                      0x0801f990   Data          62  recognition.o(.constdata)
    Region$$Table$$Base                      0x0802019c   Number         0  anon$$obj.o(Region$$Table)
    Region$$Table$$Limit                     0x080201bc   Number         0  anon$$obj.o(Region$$Table)
    morse_code                               0x20000000   Data         144  main.o(.data)
    character                                0x20000090   Data           1  main.o(.data)
    SystemCoreClock                          0x20000094   Data           4  system_stm32f10x.o(.data)
    AHBPrescTable                            0x20000098   Data          16  system_stm32f10x.o(.data)
    POINT_COLOR                              0x200000aa   Data           2  lcd.o(.data)
    BACK_COLOR                               0x200000ac   Data           2  lcd.o(.data)
    W25QXX_TYPE                              0x200000ae   Data           2  w25qxx.o(.data)
    TransferError                            0x200000ba   Data           1  sdio_sdcard.o(.data)
    TransferEnd                              0x200000bb   Data           1  sdio_sdcard.o(.data)
    tempbuff                                 0x200000bc   Data           4  sdio_sdcard.o(.data)
    tp_dev                                   0x200000c4   Data          52  touch.o(.data)
    CMD_RDX                                  0x200000f8   Data           1  touch.o(.data)
    CMD_RDY                                  0x200000f9   Data           1  touch.o(.data)
    __stdout                                 0x20000100   Data           4  usart.o(.data)
    USART_RX_STA                             0x20000104   Data           2  usart.o(.data)
    mallco_dev                               0x2000011c   Data          28  malloc.o(.data)
    FLASH_SECTOR_COUNT                       0x20000138   Data           2  diskio.o(.data)
    fs                                       0x20000148   Data           8  exfuns.o(.data)
    file                                     0x20000150   Data           4  exfuns.o(.data)
    ftemp                                    0x20000154   Data           4  exfuns.o(.data)
    br                                       0x20000158   Data           4  exfuns.o(.data)
    bw                                       0x2000015c   Data           4  exfuns.o(.data)
    fatbuf                                   0x20000160   Data           4  exfuns.o(.data)
    sys_cmd_tab                              0x20000164   Data          28  usmart.o(.data)
    usmart_nametab                           0x20000180   Data         264  usmart_config.o(.data)
    usmart_dev                               0x20000288   Data         244  usmart_config.o(.data)
    picdata                                  0x2000037c   Data           4  recognition.o(.data)
    Gas                                      0x20000380   Data           4  recognition.o(.data)
    feature                                  0x20000384   Data           4  recognition.o(.data)
    ldafeature                               0x20000388   Data           4  recognition.o(.data)
    Hmap                                     0x2000038c   Data           4  recognition.o(.data)
    Vmap                                     0x20000390   Data           4  recognition.o(.data)
    distance                                 0x20000394   Data           4  recognition.o(.data)
    READ_BUF                                 0x20000398   Data         800  main.o(.bss)
    lcddev                                   0x200006b8   Data          14  lcd.o(.bss)
    W25QXX_BUFFER                            0x200006c6   Data        4096  w25qxx.o(.bss)
    SDIO_InitStructure                       0x200016c8   Data          24  sdio_sdcard.o(.bss)
    SDIO_CmdInitStructure                    0x200016e0   Data          20  sdio_sdcard.o(.bss)
    SDIO_DataInitStructure                   0x200016f4   Data          24  sdio_sdcard.o(.bss)
    SDCardInfo                               0x20001730   Data          88  sdio_sdcard.o(.bss)
    SDIO_DATA_BUFFER                         0x20001788   Data         512  sdio_sdcard.o(.bss)
    USART_RX_BUF                             0x20001988   Data         200  usart.o(.bss)
    mem1base                                 0x20001a60   Data       40960  malloc.o(.bss)
    mem1mapbase                              0x2000ba60   Data        2560  malloc.o(.bss)
    fileinfo                                 0x2000c460   Data          32  exfuns.o(.bss)
    dir                                      0x2000c480   Data          36  exfuns.o(.bss)
    ftinfo                                   0x2000c4a4   Data          33  fontupd.o(.bss)
    Htemp                                    0x2000c4c8   Data          20  recognition.o(.bss)
    Vtemp                                    0x2000c4dc   Data          20  recognition.o(.bss)
    __libspace_start                         0x2000c4f0   Data          96  libspace.o(.bss)
    __temporary_stack_top$libspace           0x2000c550   Data           0  libspace.o(.bss)
    mem2base                                 0x68000000   Data          32  malloc.o(.ARM.__AT_0x68000000)
    mem2mapbase                              0x68000020   Data           2  malloc.o(.ARM.__AT_0x68000020)



==============================================================================

Memory Map of the image

  Image Entry point : 0x08000131

  Load Region LR_IROM1 (Base: 0x08000000, Size: 0x00020554, Max: 0x00080000, ABSOLUTE, COMPRESSED[0x00020380])

    Execution Region ER_IROM1 (Exec base: 0x08000000, Load base: 0x08000000, Size: 0x000201bc, Max: 0x00080000, ABSOLUTE)

    Exec Addr    Load Addr    Size         Type   Attr      Idx    E Section Name        Object

    0x08000000   0x08000000   0x00000130   Data   RO          556    RESET               startup_stm32f10x_hd.o
    0x08000130   0x08000130   0x00000008   Code   RO         1008  * !!!main             c_w.l(__main.o)
    0x08000138   0x08000138   0x00000034   Code   RO         1313    !!!scatter          c_w.l(__scatter.o)
    0x0800016c   0x0800016c   0x0000005a   Code   RO         1311    !!dczerorl2         c_w.l(__dczerorl2.o)
    0x080001c6   0x080001c6   0x00000002   PAD
    0x080001c8   0x080001c8   0x0000001c   Code   RO         1315    !!handler_zi        c_w.l(__scatter_zi.o)
    0x080001e4   0x080001e4   0x00000000   Code   RO          995    .ARM.Collect$$_printf_percent$$00000000  c_w.l(_printf_percent.o)
    0x080001e4   0x080001e4   0x00000006   Code   RO          993    .ARM.Collect$$_printf_percent$$00000009  c_w.l(_printf_d.o)
    0x080001ea   0x080001ea   0x00000006   Code   RO          994    .ARM.Collect$$_printf_percent$$0000000A  c_w.l(_printf_u.o)
    0x080001f0   0x080001f0   0x00000006   Code   RO          992    .ARM.Collect$$_printf_percent$$0000000C  c_w.l(_printf_x.o)
    0x080001f6   0x080001f6   0x00000006   Code   RO          990    .ARM.Collect$$_printf_percent$$00000013  c_w.l(_printf_c.o)
    0x080001fc   0x080001fc   0x00000006   Code   RO          991    .ARM.Collect$$_printf_percent$$00000014  c_w.l(_printf_s.o)
    0x08000202   0x08000202   0x00000004   Code   RO         1095    .ARM.Collect$$_printf_percent$$00000017  c_w.l(_printf_percent_end.o)
    0x08000206   0x08000206   0x00000002   Code   RO         1181    .ARM.Collect$$libinit$$00000000  c_w.l(libinit.o)
    0x08000208   0x08000208   0x00000000   Code   RO         1191    .ARM.Collect$$libinit$$00000002  c_w.l(libinit2.o)
    0x08000208   0x08000208   0x00000000   Code   RO         1193    .ARM.Collect$$libinit$$00000004  c_w.l(libinit2.o)
    0x08000208   0x08000208   0x00000000   Code   RO         1196    .ARM.Collect$$libinit$$0000000A  c_w.l(libinit2.o)
    0x08000208   0x08000208   0x00000000   Code   RO         1198    .ARM.Collect$$libinit$$0000000C  c_w.l(libinit2.o)
    0x08000208   0x08000208   0x00000000   Code   RO         1200    .ARM.Collect$$libinit$$0000000E  c_w.l(libinit2.o)
    0x08000208   0x08000208   0x00000000   Code   RO         1203    .ARM.Collect$$libinit$$00000011  c_w.l(libinit2.o)
    0x08000208   0x08000208   0x00000000   Code   RO         1205    .ARM.Collect$$libinit$$00000013  c_w.l(libinit2.o)
    0x08000208   0x08000208   0x00000000   Code   RO         1207    .ARM.Collect$$libinit$$00000015  c_w.l(libinit2.o)
    0x08000208   0x08000208   0x00000000   Code   RO         1209    .ARM.Collect$$libinit$$00000017  c_w.l(libinit2.o)
    0x08000208   0x08000208   0x00000000   Code   RO         1211    .ARM.Collect$$libinit$$00000019  c_w.l(libinit2.o)
    0x08000208   0x08000208   0x00000000   Code   RO         1213    .ARM.Collect$$libinit$$0000001B  c_w.l(libinit2.o)
    0x08000208   0x08000208   0x00000000   Code   RO         1215    .ARM.Collect$$libinit$$0000001D  c_w.l(libinit2.o)
    0x08000208   0x08000208   0x00000000   Code   RO         1217    .ARM.Collect$$libinit$$0000001F  c_w.l(libinit2.o)
    0x08000208   0x08000208   0x00000000   Code   RO         1219    .ARM.Collect$$libinit$$00000021  c_w.l(libinit2.o)
    0x08000208   0x08000208   0x00000000   Code   RO         1221    .ARM.Collect$$libinit$$00000023  c_w.l(libinit2.o)
    0x08000208   0x08000208   0x00000000   Code   RO         1223    .ARM.Collect$$libinit$$00000025  c_w.l(libinit2.o)
    0x08000208   0x08000208   0x00000000   Code   RO         1227    .ARM.Collect$$libinit$$0000002C  c_w.l(libinit2.o)
    0x08000208   0x08000208   0x00000000   Code   RO         1229    .ARM.Collect$$libinit$$0000002E  c_w.l(libinit2.o)
    0x08000208   0x08000208   0x00000000   Code   RO         1231    .ARM.Collect$$libinit$$00000030  c_w.l(libinit2.o)
    0x08000208   0x08000208   0x00000000   Code   RO         1233    .ARM.Collect$$libinit$$00000032  c_w.l(libinit2.o)
    0x08000208   0x08000208   0x00000002   Code   RO         1234    .ARM.Collect$$libinit$$00000033  c_w.l(libinit2.o)
    0x0800020a   0x0800020a   0x00000002   Code   RO         1264    .ARM.Collect$$libshutdown$$00000000  c_w.l(libshutdown.o)
    0x0800020c   0x0800020c   0x00000000   Code   RO         1279    .ARM.Collect$$libshutdown$$00000003  c_w.l(libshutdown2.o)
    0x0800020c   0x0800020c   0x00000000   Code   RO         1282    .ARM.Collect$$libshutdown$$00000006  c_w.l(libshutdown2.o)
    0x0800020c   0x0800020c   0x00000000   Code   RO         1285    .ARM.Collect$$libshutdown$$00000009  c_w.l(libshutdown2.o)
    0x0800020c   0x0800020c   0x00000000   Code   RO         1287    .ARM.Collect$$libshutdown$$0000000B  c_w.l(libshutdown2.o)
    0x0800020c   0x0800020c   0x00000000   Code   RO         1290    .ARM.Collect$$libshutdown$$0000000E  c_w.l(libshutdown2.o)
    0x0800020c   0x0800020c   0x00000002   Code   RO         1291    .ARM.Collect$$libshutdown$$0000000F  c_w.l(libshutdown2.o)
    0x0800020e   0x0800020e   0x00000000   Code   RO         1084    .ARM.Collect$$rtentry$$00000000  c_w.l(__rtentry.o)
    0x0800020e   0x0800020e   0x00000000   Code   RO         1134    .ARM.Collect$$rtentry$$00000002  c_w.l(__rtentry2.o)
    0x0800020e   0x0800020e   0x00000006   Code   RO         1146    .ARM.Collect$$rtentry$$00000004  c_w.l(__rtentry4.o)
    0x08000214   0x08000214   0x00000000   Code   RO         1136    .ARM.Collect$$rtentry$$00000009  c_w.l(__rtentry2.o)
    0x08000214   0x08000214   0x00000004   Code   RO         1137    .ARM.Collect$$rtentry$$0000000A  c_w.l(__rtentry2.o)
    0x08000218   0x08000218   0x00000000   Code   RO         1139    .ARM.Collect$$rtentry$$0000000C  c_w.l(__rtentry2.o)
    0x08000218   0x08000218   0x00000008   Code   RO         1140    .ARM.Collect$$rtentry$$0000000D  c_w.l(__rtentry2.o)
    0x08000220   0x08000220   0x00000002   Code   RO         1184    .ARM.Collect$$rtexit$$00000000  c_w.l(rtexit.o)
    0x08000222   0x08000222   0x00000000   Code   RO         1238    .ARM.Collect$$rtexit$$00000002  c_w.l(rtexit2.o)
    0x08000222   0x08000222   0x00000004   Code   RO         1239    .ARM.Collect$$rtexit$$00000003  c_w.l(rtexit2.o)
    0x08000226   0x08000226   0x00000006   Code   RO         1240    .ARM.Collect$$rtexit$$00000004  c_w.l(rtexit2.o)
    0x0800022c   0x0800022c   0x0000063c   Code   RO            1    .text               main.o
    0x08000868   0x08000868   0x0000001a   Code   RO          184    .text               stm32f10x_it.o
    0x08000882   0x08000882   0x00000002   PAD
    0x08000884   0x08000884   0x000001e0   Code   RO          225    .text               system_stm32f10x.o
    0x08000a64   0x08000a64   0x0000004c   Code   RO          243    .text               led.o
    0x08000ab0   0x08000ab0   0x000000d8   Code   RO          255    .text               key.o
    0x08000b88   0x08000b88   0x00004a56   Code   RO          268    .text               lcd.o
    0x080055de   0x080055de   0x00000002   PAD
    0x080055e0   0x080055e0   0x00000108   Code   RO          298    .text               spi.o
    0x080056e8   0x080056e8   0x00000368   Code   RO          313    .text               w25qxx.o
    0x08005a50   0x08005a50   0x00001c30   Code   RO          332    .text               sdio_sdcard.o
    0x08007680   0x08007680   0x0000026c   Code   RO          358    .text               myiic.o
    0x080078ec   0x080078ec   0x0000017a   Code   RO          373    .text               24cxx.o
    0x08007a66   0x08007a66   0x00000002   PAD
    0x08007a68   0x08007a68   0x00000284   Code   RO          388    .text               ctiic.o
    0x08007cec   0x08007cec   0x00000338   Code   RO          403    .text               ft5206.o
    0x08008024   0x08008024   0x00000458   Code   RO          422    .text               gt9147.o
    0x0800847c   0x0800847c   0x0000036c   Code   RO          438    .text               ott2001a.o
    0x080087e8   0x080087e8   0x00000fb4   Code   RO          454    .text               touch.o
    0x0800979c   0x0800979c   0x0000004c   Code   RO          478    .text               beep.o
    0x080097e8   0x080097e8   0x000000d4   Code   RO          490    .text               delay.o
    0x080098bc   0x080098bc   0x0000000c   Code   RO          505    .text               sys.o
    0x080098c8   0x080098c8   0x00000140   Code   RO          521    .text               usart.o
    0x08009a08   0x08009a08   0x00000040   Code   RO          557    .text               startup_stm32f10x_hd.o
    0x08009a48   0x08009a48   0x000000dc   Code   RO          561    .text               misc.o
    0x08009b24   0x08009b24   0x0000060c   Code   RO          573    .text               stm32f10x_fsmc.o
    0x0800a130   0x0800a130   0x0000035c   Code   RO          585    .text               stm32f10x_gpio.o
    0x0800a48c   0x0800a48c   0x000003a4   Code   RO          597    .text               stm32f10x_rcc.o
    0x0800a830   0x0800a830   0x0000030c   Code   RO          611    .text               stm32f10x_spi.o
    0x0800ab3c   0x0800ab3c   0x00000408   Code   RO          623    .text               stm32f10x_usart.o
    0x0800af44   0x0800af44   0x00000e1a   Code   RO          635    .text               stm32f10x_tim.o
    0x0800bd5e   0x0800bd5e   0x00000002   PAD
    0x0800bd60   0x0800bd60   0x00000254   Code   RO          647    .text               stm32f10x_dma.o
    0x0800bfb4   0x0800bfb4   0x000001d4   Code   RO          659    .text               stm32f10x_sdio.o
    0x0800c188   0x0800c188   0x0000022c   Code   RO          671    .text               malloc.o
    0x0800c3b4   0x0800c3b4   0x00000200   Code   RO          693    .text               diskio.o
    0x0800c5b4   0x0800c5b4   0x000032e4   Code   RO          711    .text               ff.o
    0x0800f898   0x0800f898   0x000001a8   Code   RO          732    .text               exfuns.o
    0x0800fa40   0x0800fa40   0x000006c8   Code   RO          756    .text               fattester.o
    0x08010108   0x08010108   0x000000cc   Code   RO          779    .text               mycc936.o
    0x080101d4   0x080101d4   0x00000c38   Code   RO          792    .text               usmart.o
    0x08010e0c   0x08010e0c   0x00000528   Code   RO          821    .text               usmart_str.o
    0x08011334   0x08011334   0x000005d0   Code   RO          833    .text               fontupd.o
    0x08011904   0x08011904   0x000002d4   Code   RO          857    .text               text.o
    0x08011bd8   0x08011bd8   0x00000030   Code   RO          869    .text               atk_ncr.o
    0x08011c08   0x08011c08   0x00001bc0   Code   RO          885    .text               ATKNCR_M_V2.0.lib(recognition.o)
    0x080137c8   0x080137c8   0x00000002   Code   RO          933    .text               c_w.l(use_no_semi_2.o)
    0x080137ca   0x080137ca   0x00000048   Code   RO          935    .text               c_w.l(llsdiv.o)
    0x08013812   0x08013812   0x00000002   PAD
    0x08013814   0x08013814   0x00000018   Code   RO          939    .text               c_w.l(noretval__2printf.o)
    0x0801382c   0x0801382c   0x0000004e   Code   RO          943    .text               c_w.l(_printf_pad.o)
    0x0801387a   0x0801387a   0x00000052   Code   RO          945    .text               c_w.l(_printf_str.o)
    0x080138cc   0x080138cc   0x00000078   Code   RO          947    .text               c_w.l(_printf_dec.o)
    0x08013944   0x08013944   0x00000058   Code   RO          952    .text               c_w.l(_printf_hex_int.o)
    0x0801399c   0x0801399c   0x00000188   Code   RO          987    .text               c_w.l(__printf_flags_ss_wp.o)
    0x08013b24   0x08013b24   0x00000048   Code   RO          996    .text               c_w.l(strcpy.o)
    0x08013b6c   0x08013b6c   0x0000003e   Code   RO          998    .text               c_w.l(strlen.o)
    0x08013baa   0x08013baa   0x00000018   Code   RO         1000    .text               c_w.l(strcat.o)
    0x08013bc2   0x08013bc2   0x0000008a   Code   RO         1002    .text               c_w.l(rt_memcpy_v6.o)
    0x08013c4c   0x08013c4c   0x00000080   Code   RO         1004    .text               c_w.l(strcmpv7m.o)
    0x08013ccc   0x08013ccc   0x00000006   Code   RO         1006    .text               c_w.l(heapauxi.o)
    0x08013cd2   0x08013cd2   0x00000002   Code   RO         1082    .text               c_w.l(use_no_semi.o)
    0x08013cd4   0x08013cd4   0x000000ee   Code   RO         1085    .text               c_w.l(lludivv7m.o)
    0x08013dc2   0x08013dc2   0x00000016   Code   RO         1087    .text               c_w.l(_rserrno.o)
    0x08013dd8   0x08013dd8   0x000000b2   Code   RO         1089    .text               c_w.l(_printf_intcommon.o)
    0x08013e8a   0x08013e8a   0x0000002c   Code   RO         1091    .text               c_w.l(_printf_char.o)
    0x08013eb6   0x08013eb6   0x00000002   PAD
    0x08013eb8   0x08013eb8   0x00000024   Code   RO         1093    .text               c_w.l(_printf_char_file.o)
    0x08013edc   0x08013edc   0x00000064   Code   RO         1096    .text               c_w.l(rt_memcpy_w.o)
    0x08013f40   0x08013f40   0x00000008   Code   RO         1155    .text               c_w.l(rt_errno_addr_intlibspace.o)
    0x08013f48   0x08013f48   0x00000030   Code   RO         1157    .text               c_w.l(_printf_char_common.o)
    0x08013f78   0x08013f78   0x00000008   Code   RO         1159    .text               c_w.l(ferror.o)
    0x08013f80   0x08013f80   0x00000008   Code   RO         1165    .text               c_w.l(libspace.o)
    0x08013f88   0x08013f88   0x0000004a   Code   RO         1168    .text               c_w.l(sys_stackheap_outer.o)
    0x08013fd2   0x08013fd2   0x0000000c   Code   RO         1174    .text               c_w.l(exit.o)
    0x08013fde   0x08013fde   0x00000026   Code   RO         1117    i.__ARM_fpclassifyf  m_ws.l(fpclassifyf.o)
    0x08014004   0x08014004   0x0000000a   Code   RO         1119    i.__mathlib_flt_divzero  m_ws.l(funder.o)
    0x0801400e   0x0801400e   0x00000004   Code   RO         1121    i.__mathlib_flt_infnan2  m_ws.l(funder.o)
    0x08014012   0x08014012   0x00000008   Code   RO         1122    i.__mathlib_flt_invalid  m_ws.l(funder.o)
    0x0801401a   0x0801401a   0x0000000a   Code   RO         1123    i.__mathlib_flt_overflow  m_ws.l(funder.o)
    0x08014024   0x08014024   0x0000000a   Code   RO         1125    i.__mathlib_flt_underflow  m_ws.l(funder.o)
    0x0801402e   0x0801402e   0x0000000e   Code   RO          980    i._is_digit         c_w.l(__printf_wp.o)
    0x0801403c   0x0801403c   0x000005e4   Code   RO         1065    i.powf              m_ws.l(powf.o)
    0x08014620   0x08014620   0x0000004c   Code   RO         1075    i.sqrt              m_ws.l(sqrt.o)
    0x0801466c   0x0801466c   0x00000150   Code   RO         1010    x$fpl$dadd          fz_ws.l(daddsub_clz.o)
    0x080147bc   0x080147bc   0x00000018   Code   RO         1098    x$fpl$dcmpinf       fz_ws.l(dcmpi.o)
    0x080147d4   0x080147d4   0x0000005a   Code   RO         1016    x$fpl$dfixu         fz_ws.l(dfixu.o)
    0x0801482e   0x0801482e   0x0000002e   Code   RO         1021    x$fpl$dflt          fz_ws.l(dflt_clz.o)
    0x0801485c   0x0801485c   0x00000026   Code   RO         1020    x$fpl$dfltu         fz_ws.l(dflt_clz.o)
    0x08014882   0x08014882   0x00000002   PAD
    0x08014884   0x08014884   0x00000078   Code   RO         1026    x$fpl$dleqf         fz_ws.l(dleqf.o)
    0x080148fc   0x080148fc   0x00000154   Code   RO         1028    x$fpl$dmul          fz_ws.l(dmul.o)
    0x08014a50   0x08014a50   0x0000009c   Code   RO         1100    x$fpl$dnaninf       fz_ws.l(dnaninf.o)
    0x08014aec   0x08014aec   0x0000000c   Code   RO         1102    x$fpl$dretinf       fz_ws.l(dretinf.o)
    0x08014af8   0x08014af8   0x0000006c   Code   RO         1030    x$fpl$drleqf        fz_ws.l(drleqf.o)
    0x08014b64   0x08014b64   0x00000016   Code   RO         1011    x$fpl$drsb          fz_ws.l(daddsub_clz.o)
    0x08014b7a   0x08014b7a   0x00000002   PAD
    0x08014b7c   0x08014b7c   0x000001cc   Code   RO         1104    x$fpl$dsqrt         fz_ws.l(dsqrt_noumaal.o)
    0x08014d48   0x08014d48   0x000001d4   Code   RO         1012    x$fpl$dsub          fz_ws.l(daddsub_clz.o)
    0x08014f1c   0x08014f1c   0x00000056   Code   RO         1032    x$fpl$f2d           fz_ws.l(f2d.o)
    0x08014f72   0x08014f72   0x00000002   PAD
    0x08014f74   0x08014f74   0x000000c4   Code   RO         1034    x$fpl$fadd          fz_ws.l(faddsub_clz.o)
    0x08015038   0x08015038   0x0000000c   Code   RO         1163    x$fpl$fcheck1       fz_ws.l(fcheck1.o)
    0x08015044   0x08015044   0x00000018   Code   RO         1106    x$fpl$fcmpinf       fz_ws.l(fcmpi.o)
    0x0801505c   0x0801505c   0x00000184   Code   RO         1041    x$fpl$fdiv          fz_ws.l(fdiv.o)
    0x080151e0   0x080151e0   0x00000068   Code   RO         1044    x$fpl$feqf          fz_ws.l(feqf.o)
    0x08015248   0x08015248   0x00000036   Code   RO         1046    x$fpl$ffix          fz_ws.l(ffix.o)
    0x0801527e   0x0801527e   0x00000002   PAD
    0x08015280   0x08015280   0x00000052   Code   RO         1047    x$fpl$ffixr         fz_ws.l(ffix.o)
    0x080152d2   0x080152d2   0x00000002   PAD
    0x080152d4   0x080152d4   0x0000003e   Code   RO         1050    x$fpl$ffixu         fz_ws.l(ffixu.o)
    0x08015312   0x08015312   0x00000002   PAD
    0x08015314   0x08015314   0x00000030   Code   RO         1055    x$fpl$fflt          fz_ws.l(fflt_clz.o)
    0x08015344   0x08015344   0x00000026   Code   RO         1054    x$fpl$ffltu         fz_ws.l(fflt_clz.o)
    0x0801536a   0x0801536a   0x00000002   PAD
    0x0801536c   0x0801536c   0x00000068   Code   RO         1060    x$fpl$fleqf         fz_ws.l(fleqf.o)
    0x080153d4   0x080153d4   0x00000102   Code   RO         1062    x$fpl$fmul          fz_ws.l(fmul.o)
    0x080154d6   0x080154d6   0x0000008c   Code   RO         1108    x$fpl$fnaninf       fz_ws.l(fnaninf.o)
    0x08015562   0x08015562   0x0000000a   Code   RO         1110    x$fpl$fretinf       fz_ws.l(fretinf.o)
    0x0801556c   0x0801556c   0x00000014   Code   RO         1035    x$fpl$frsb          fz_ws.l(faddsub_clz.o)
    0x08015580   0x08015580   0x000000ea   Code   RO         1036    x$fpl$fsub          fz_ws.l(faddsub_clz.o)
    0x0801566a   0x0801566a   0x00000064   Code   RO         1182    x$fpl$retnan        fz_ws.l(retnan.o)
    0x080156ce   0x080156ce   0x0000004c   Code   RO         1114    x$fpl$scalbnf       fz_ws.l(scalbnf.o)
    0x0801571a   0x0801571a   0x00000030   Code   RO         1235    x$fpl$trapveneer    fz_ws.l(trapv.o)
    0x0801574a   0x0801574a   0x00000000   Code   RO         1116    x$fpl$usenofp       fz_ws.l(usenofp.o)
    0x0801574a   0x0801574a   0x000017c0   Data   RO          270    .constdata          lcd.o
    0x08016f0a   0x08016f0a   0x0000000a   Data   RO          404    .constdata          ft5206.o
    0x08016f14   0x08016f14   0x000000c2   Data   RO          423    .constdata          gt9147.o
    0x08016fd6   0x08016fd6   0x0000000a   Data   RO          439    .constdata          ott2001a.o
    0x08016fe0   0x08016fe0   0x00000004   Data   RO          455    .constdata          touch.o
    0x08016fe4   0x08016fe4   0x00000018   Data   RO          675    .constdata          malloc.o
    0x08016ffc   0x08016ffc   0x0000003a   Data   RO          712    .constdata          ff.o
    0x08017036   0x08017036   0x00000002   PAD
    0x08017038   0x08017038   0x00000138   Data   RO          734    .constdata          exfuns.o
    0x08017170   0x08017170   0x000003c0   Data   RO          780    .constdata          mycc936.o
    0x08017530   0x08017530   0x00000010   Data   RO          835    .constdata          fontupd.o
    0x08017540   0x08017540   0x0000848e   Data   RO          887    .constdata          ATKNCR_M_V2.0.lib(recognition.o)
    0x0801f9ce   0x0801f9ce   0x00000028   Data   RO          953    .constdata          c_w.l(_printf_hex_int.o)
    0x0801f9f6   0x0801f9f6   0x00000011   Data   RO          988    .constdata          c_w.l(__printf_flags_ss_wp.o)
    0x0801fa07   0x0801fa07   0x00000001   PAD
    0x0801fa08   0x0801fa08   0x00000140   Data   RO         1066    .constdata          m_ws.l(powf.o)
    0x0801fb48   0x0801fb48   0x000000de   Data   RO            3    .conststring        main.o
    0x0801fc26   0x0801fc26   0x00000002   PAD
    0x0801fc28   0x0801fc28   0x00000079   Data   RO          456    .conststring        touch.o
    0x0801fca1   0x0801fca1   0x00000003   PAD
    0x0801fca4   0x0801fca4   0x00000060   Data   RO          735    .conststring        exfuns.o
    0x0801fd04   0x0801fd04   0x00000028   Data   RO          793    .conststring        usmart.o
    0x0801fd2c   0x0801fd2c   0x0000040f   Data   RO          808    .conststring        usmart_config.o
    0x0802013b   0x0802013b   0x00000001   PAD
    0x0802013c   0x0802013c   0x0000005f   Data   RO          836    .conststring        fontupd.o
    0x0802019b   0x0802019b   0x00000001   PAD
    0x0802019c   0x0802019c   0x00000020   Data   RO         1309    Region$$Table       anon$$obj.o


    Execution Region RW_IRAM1 (Exec base: 0x20000000, Load base: 0x080201bc, Size: 0x0000cb50, Max: 0x00010000, ABSOLUTE, COMPRESSED[0x000001c4])

    Exec Addr    Load Addr    Size         Type   Attr      Idx    E Section Name        Object

    0x20000000   COMPRESSED   0x00000091   Data   RW            4    .data               main.o
    0x20000091   COMPRESSED   0x00000003   PAD
    0x20000094   COMPRESSED   0x00000014   Data   RW          226    .data               system_stm32f10x.o
    0x200000a8   COMPRESSED   0x00000001   Data   RW          256    .data               key.o
    0x200000a9   COMPRESSED   0x00000001   PAD
    0x200000aa   COMPRESSED   0x00000004   Data   RW          271    .data               lcd.o
    0x200000ae   COMPRESSED   0x00000002   Data   RW          315    .data               w25qxx.o
    0x200000b0   COMPRESSED   0x00000010   Data   RW          334    .data               sdio_sdcard.o
    0x200000c0   COMPRESSED   0x00000001   Data   RW          405    .data               ft5206.o
    0x200000c1   COMPRESSED   0x00000001   Data   RW          424    .data               gt9147.o
    0x200000c2   COMPRESSED   0x00000001   Data   RW          440    .data               ott2001a.o
    0x200000c3   COMPRESSED   0x00000001   PAD
    0x200000c4   COMPRESSED   0x00000036   Data   RW          457    .data               touch.o
    0x200000fa   COMPRESSED   0x00000004   Data   RW          491    .data               delay.o
    0x200000fe   COMPRESSED   0x00000002   PAD
    0x20000100   COMPRESSED   0x00000006   Data   RW          523    .data               usart.o
    0x20000106   COMPRESSED   0x00000014   Data   RW          598    .data               stm32f10x_rcc.o
    0x2000011a   COMPRESSED   0x00000002   PAD
    0x2000011c   COMPRESSED   0x0000001c   Data   RW          676    .data               malloc.o
    0x20000138   COMPRESSED   0x00000002   Data   RW          694    .data               diskio.o
    0x2000013a   COMPRESSED   0x00000002   PAD
    0x2000013c   COMPRESSED   0x0000000a   Data   RW          713    .data               ff.o
    0x20000146   COMPRESSED   0x00000002   PAD
    0x20000148   COMPRESSED   0x0000001c   Data   RW          736    .data               exfuns.o
    0x20000164   COMPRESSED   0x0000001c   Data   RW          794    .data               usmart.o
    0x20000180   COMPRESSED   0x000001fc   Data   RW          809    .data               usmart_config.o
    0x2000037c   COMPRESSED   0x0000001c   Data   RW          888    .data               ATKNCR_M_V2.0.lib(recognition.o)
    0x20000398        -       0x00000320   Zero   RW            2    .bss                main.o
    0x200006b8        -       0x0000000e   Zero   RW          269    .bss                lcd.o
    0x200006c6        -       0x00001000   Zero   RW          314    .bss                w25qxx.o
    0x200016c6   COMPRESSED   0x00000002   PAD
    0x200016c8        -       0x000002c0   Zero   RW          333    .bss                sdio_sdcard.o
    0x20001988        -       0x000000c8   Zero   RW          522    .bss                usart.o
    0x20001a50   COMPRESSED   0x00000010   PAD
    0x20001a60        -       0x0000aa00   Zero   RW          674    .bss                malloc.o
    0x2000c460        -       0x00000044   Zero   RW          733    .bss                exfuns.o
    0x2000c4a4        -       0x00000021   Zero   RW          834    .bss                fontupd.o
    0x2000c4c5   COMPRESSED   0x00000003   PAD
    0x2000c4c8        -       0x00000028   Zero   RW          886    .bss                ATKNCR_M_V2.0.lib(recognition.o)
    0x2000c4f0        -       0x00000060   Zero   RW         1166    .bss                c_w.l(libspace.o)
    0x2000c550        -       0x00000200   Zero   RW          555    HEAP                startup_stm32f10x_hd.o
    0x2000c750        -       0x00000400   Zero   RW          554    STACK               startup_stm32f10x_hd.o



  Load Region LR$$.ARM.__AT_0x68000000 (Base: 0x68000000, Size: 0x00000000, Max: 0x00000020, ABSOLUTE)

    Execution Region ER$$.ARM.__AT_0x68000000 (Exec base: 0x68000000, Load base: 0x68000000, Size: 0x00000020, Max: 0x00000020, ABSOLUTE, UNINIT)

    Exec Addr    Load Addr    Size         Type   Attr      Idx    E Section Name        Object

    0x68000000        -       0x00000020   Zero   RW          672    .ARM.__AT_0x68000000  malloc.o



  Load Region LR$$.ARM.__AT_0x68000020 (Base: 0x68000020, Size: 0x00000000, Max: 0x00000004, ABSOLUTE)

    Execution Region ER$$.ARM.__AT_0x68000020 (Exec base: 0x68000020, Load base: 0x68000020, Size: 0x00000004, Max: 0x00000004, ABSOLUTE, UNINIT)

    Exec Addr    Load Addr    Size         Type   Attr      Idx    E Section Name        Object

    0x68000020        -       0x00000002   Zero   RW          673    .ARM.__AT_0x68000020  malloc.o


==============================================================================

Image component sizes


      Code (inc. data)   RO Data    RW Data    ZI Data      Debug   Object Name

       378          0          0          0          0       2850   24cxx.o
        48          0          0          0          0       1052   atk_ncr.o
        76          4          0          0          0        809   beep.o
       644         24          0          0          0       2129   ctiic.o
       212         18          0          4          0       1223   delay.o
       512          8          0          2          0       4562   diskio.o
       424         22        408         28         68       2992   exfuns.o
      1736        690          0          0          0       5832   fattester.o
     13028        144         58         10          0      37554   ff.o
      1488        158        111          0         33       4488   fontupd.o
       824         38         10          1          0       2783   ft5206.o
      1112         74        194          1          0       3290   gt9147.o
       216         14          0          1          0        908   key.o
     19030        162       6080          4         14      22218   lcd.o
        76          8          0          0          0        599   led.o
      1596        156        222        145        800     293168   main.o
       556         18         24         28      43554       4936   malloc.o
       220         22          0          0          0       2001   misc.o
       204         12        960          0          0       1785   mycc936.o
       620         14          0          0          0       1960   myiic.o
       876         56         10          1          0       2927   ott2001a.o
      7216        256          0         16        704      24812   sdio_sdcard.o
       264         10          0          0          0       1197   spi.o
        64         26        304          0       1536        856   startup_stm32f10x_hd.o
       596          8          0          0          0       4530   stm32f10x_dma.o
      1548         18          0          0          0       5547   stm32f10x_fsmc.o
       860         38          0          0          0       5845   stm32f10x_gpio.o
        26          0          0          0          0       1282   stm32f10x_it.o
       932         36          0         20          0       9116   stm32f10x_rcc.o
       468         22          0          0          0       7288   stm32f10x_sdio.o
       780         14          0          0          0       6726   stm32f10x_spi.o
      3610         88          0          0          0      22328   stm32f10x_tim.o
      1032         22          0          0          0       8572   stm32f10x_usart.o
        12          0          0          0          0        719   sys.o
       480         38          0         20          0       2043   system_stm32f10x.o
       724         16          0          0          0       3156   text.o
      4020        222        125         54          0       7053   touch.o
       320         16          0          6        200       3446   usart.o
      3128       1288         40         28          0       4618   usmart.o
         0          0       1039        508          0       2000   usmart_config.o
      1320         12          0          0          0       5253   usmart_str.o
       872         30          0          2       4096       4625   w25qxx.o

    ----------------------------------------------------------------------
     72156       3802       9626        892      51028     531078   Object Totals
         0          0         32          0          0          0   (incl. Generated)
         8          0          9         13         23          0   (incl. Padding)

    ----------------------------------------------------------------------

      Code (inc. data)   RO Data    RW Data    ZI Data      Debug   Library Member Name

      7104        142      33934         28         40      12863   recognition.o
        90          0          0          0          0          0   __dczerorl2.o
         8          0          0          0          0         68   __main.o
       392          4         17          0          0         92   __printf_flags_ss_wp.o
        14          0          0          0          0         68   __printf_wp.o
         0          0          0          0          0          0   __rtentry.o
        12          0          0          0          0          0   __rtentry2.o
         6          0          0          0          0          0   __rtentry4.o
        52          8          0          0          0          0   __scatter.o
        28          0          0          0          0          0   __scatter_zi.o
         6          0          0          0          0          0   _printf_c.o
        44          0          0          0          0        108   _printf_char.o
        48          6          0          0          0         96   _printf_char_common.o
        36          4          0          0          0         80   _printf_char_file.o
         6          0          0          0          0          0   _printf_d.o
       120         16          0          0          0         92   _printf_dec.o
        88          4         40          0          0         88   _printf_hex_int.o
       178          0          0          0          0         88   _printf_intcommon.o
        78          0          0          0          0        108   _printf_pad.o
         0          0          0          0          0          0   _printf_percent.o
         4          0          0          0          0          0   _printf_percent_end.o
         6          0          0          0          0          0   _printf_s.o
        82          0          0          0          0         80   _printf_str.o
         6          0          0          0          0          0   _printf_u.o
         6          0          0          0          0          0   _printf_x.o
        22          0          0          0          0        100   _rserrno.o
        12          0          0          0          0         72   exit.o
         8          0          0          0          0         68   ferror.o
         6          0          0          0          0        152   heapauxi.o
         2          0          0          0          0          0   libinit.o
         2          0          0          0          0          0   libinit2.o
         2          0          0          0          0          0   libshutdown.o
         2          0          0          0          0          0   libshutdown2.o
         8          4          0          0         96         68   libspace.o
        72          0          0          0          0         76   llsdiv.o
       238          0          0          0          0        100   lludivv7m.o
        24          4          0          0          0         84   noretval__2printf.o
         8          4          0          0          0         68   rt_errno_addr_intlibspace.o
       138          0          0          0          0         68   rt_memcpy_v6.o
       100          0          0          0          0         80   rt_memcpy_w.o
         2          0          0          0          0          0   rtexit.o
        10          0          0          0          0          0   rtexit2.o
        24          0          0          0          0         68   strcat.o
       128          0          0          0          0         68   strcmpv7m.o
        72          0          0          0          0         80   strcpy.o
        62          0          0          0          0         76   strlen.o
        74          0          0          0          0         80   sys_stackheap_outer.o
         2          0          0          0          0         68   use_no_semi.o
         2          0          0          0          0         68   use_no_semi_2.o
       826         16          0          0          0        348   daddsub_clz.o
        24          0          0          0          0         68   dcmpi.o
        90          4          0          0          0         92   dfixu.o
        84          0          0          0          0        136   dflt_clz.o
       120          4          0          0          0         92   dleqf.o
       340         12          0          0          0        104   dmul.o
       156          4          0          0          0         92   dnaninf.o
        12          0          0          0          0         68   dretinf.o
       108          0          0          0          0         80   drleqf.o
       460         56          0          0          0        120   dsqrt_noumaal.o
        86          4          0          0          0         84   f2d.o
       450          8          0          0          0        236   faddsub_clz.o
        12          4          0          0          0         68   fcheck1.o
        24          0          0          0          0         68   fcmpi.o
       388         76          0          0          0         96   fdiv.o
       104          4          0          0          0         84   feqf.o
       136          8          0          0          0        168   ffix.o
        62          4          0          0          0         84   ffixu.o
        86          0          0          0          0        136   fflt_clz.o
       104          4          0          0          0         84   fleqf.o
       258          4          0          0          0         84   fmul.o
       140          4          0          0          0         84   fnaninf.o
        10          0          0          0          0         68   fretinf.o
       100          0          0          0          0         68   retnan.o
        76          0          0          0          0         68   scalbnf.o
        48          0          0          0          0         68   trapv.o
         0          0          0          0          0          0   usenofp.o
        38          0          0          0          0         68   fpclassifyf.o
        42          0          0          0          0        340   funder.o
      1508         76        320          0          0        224   powf.o
        76          0          0          0          0         84   sqrt.o

    ----------------------------------------------------------------------
     15422        488      34312         28        136      18739   Library Totals
        20          0          1          0          0          0   (incl. Padding)

    ----------------------------------------------------------------------

      Code (inc. data)   RO Data    RW Data    ZI Data      Debug   Library Name

      7104        142      33934         28         40      12863   ATKNCR_M_V2.0.lib
      2330         54         57          0         96       2412   c_w.l
      4304        216          0          0          0       2748   fz_ws.l
      1664         76        320          0          0        716   m_ws.l

    ----------------------------------------------------------------------
     15422        488      34312         28        136      18739   Library Totals

    ----------------------------------------------------------------------

==============================================================================


      Code (inc. data)   RO Data    RW Data    ZI Data      Debug   

     87578       4290      43938        920      51164     542897   Grand Totals
     87578       4290      43938        452      51164     542897   ELF Image Totals (compressed)
     87578       4290      43938        452          0          0   ROM Totals

==============================================================================

    Total RO  Size (Code + RO Data)               131516 ( 128.43kB)
    Total RW  Size (RW Data + ZI Data)             52084 (  50.86kB)
    Total ROM Size (Code + RO Data + RW Data)     131968 ( 128.88kB)

==============================================================================

